Archive member included to satisfy reference by file (symbol)

app/libapp.a(main.c.obj)      (--whole-archive)
zephyr/libzephyr.a(validate_libc.c.obj)
                              (--whole-archive)
zephyr/libzephyr.a(heap.c.obj)
                              (--whole-archive)
zephyr/libzephyr.a(boot_banner.c.obj)
                              (--whole-archive)
zephyr/libzephyr.a(cbprintf_packaged.c.obj)
                              (--whole-archive)
zephyr/libzephyr.a(clock.c.obj)
                              (--whole-archive)
zephyr/libzephyr.a(printk.c.obj)
                              (--whole-archive)
zephyr/libzephyr.a(cbprintf_complete.c.obj)
                              (--whole-archive)
zephyr/libzephyr.a(assert.c.obj)
                              (--whole-archive)
zephyr/libzephyr.a(dec.c.obj)
                              (--whole-archive)
zephyr/libzephyr.a(hex.c.obj)
                              (--whole-archive)
zephyr/libzephyr.a(rb.c.obj)  (--whole-archive)
zephyr/libzephyr.a(set.c.obj)
                              (--whole-archive)
zephyr/libzephyr.a(timeutil.c.obj)
                              (--whole-archive)
zephyr/libzephyr.a(bitarray.c.obj)
                              (--whole-archive)
zephyr/libzephyr.a(bitmask.c.obj)
                              (--whole-archive)
zephyr/libzephyr.a(getopt.c.obj)
                              (--whole-archive)
zephyr/libzephyr.a(getopt_common.c.obj)
                              (--whole-archive)
zephyr/libzephyr.a(ring_buffer.c.obj)
                              (--whole-archive)
zephyr/libzephyr.a(last_section_id.c.obj)
                              (--whole-archive)
zephyr/libzephyr.a(configs.c.obj)
                              (--whole-archive)
zephyr/libzephyr.a(stm32cube_hal.c.obj)
                              (--whole-archive)
zephyr/libzephyr.a(soc_config.c.obj)
                              (--whole-archive)
zephyr/libzephyr.a(gpioport_mgr.c.obj)
                              (--whole-archive)
zephyr/libzephyr.a(stm32_cache.c.obj)
                              (--whole-archive)
zephyr/libzephyr.a(stm32_backup_domain.c.obj)
                              (--whole-archive)
zephyr/libzephyr.a(soc_m7.c.obj)
                              (--whole-archive)
zephyr/libzephyr.a(mpu_regions.c.obj)
                              (--whole-archive)
zephyr/libzephyr.a(mem_attr.c.obj)
                              (--whole-archive)
zephyr/libzephyr.a(tracing_none.c.obj)
                              (--whole-archive)
zephyr/libzephyr.a(sem.c.obj)
                              (--whole-archive)
zephyr/libzephyr.a(thread_entry.c.obj)
                              (--whole-archive)
zephyr/arch/common/libarch__common.a(sw_isr_common.c.obj)
                              (--whole-archive)
zephyr/arch/common/libarch__common.a(init.c.obj)
                              (--whole-archive)
zephyr/arch/common/libarch__common.a(xip.c.obj)
                              (--whole-archive)
zephyr/arch/arch/arm/core/libarch__arm__core.a(fatal.c.obj)
                              (--whole-archive)
zephyr/arch/arch/arm/core/libarch__arm__core.a(nmi.c.obj)
                              (--whole-archive)
zephyr/arch/arch/arm/core/libarch__arm__core.a(nmi_on_reset.S.obj)
                              (--whole-archive)
zephyr/arch/arch/arm/core/libarch__arm__core.a(tls.c.obj)
                              (--whole-archive)
zephyr/arch/arch/arm/core/cortex_m/libarch__arm__core__cortex_m.a(fault.c.obj)
                              (--whole-archive)
zephyr/arch/arch/arm/core/cortex_m/libarch__arm__core__cortex_m.a(fault_s.S.obj)
                              (--whole-archive)
zephyr/arch/arch/arm/core/cortex_m/libarch__arm__core__cortex_m.a(fpu.c.obj)
                              (--whole-archive)
zephyr/arch/arch/arm/core/cortex_m/libarch__arm__core__cortex_m.a(reset.S.obj)
                              (--whole-archive)
zephyr/arch/arch/arm/core/cortex_m/libarch__arm__core__cortex_m.a(scb.c.obj)
                              (--whole-archive)
zephyr/arch/arch/arm/core/cortex_m/libarch__arm__core__cortex_m.a(vector_table.S.obj)
                              (--whole-archive)
zephyr/arch/arch/arm/core/cortex_m/libarch__arm__core__cortex_m.a(svc.S.obj)
                              (--whole-archive)
zephyr/arch/arch/arm/core/cortex_m/libarch__arm__core__cortex_m.a(irq_manage.c.obj)
                              (--whole-archive)
zephyr/arch/arch/arm/core/cortex_m/libarch__arm__core__cortex_m.a(prep_c.c.obj)
                              (--whole-archive)
zephyr/arch/arch/arm/core/cortex_m/libarch__arm__core__cortex_m.a(thread.c.obj)
                              (--whole-archive)
zephyr/arch/arch/arm/core/cortex_m/libarch__arm__core__cortex_m.a(cpu_idle.c.obj)
                              (--whole-archive)
zephyr/arch/arch/arm/core/cortex_m/libarch__arm__core__cortex_m.a(exc_exit.c.obj)
                              (--whole-archive)
[...]
Memory Configuration

Name             Origin             Length             Attributes
FLASH            0x08000000         0x00200000         xr
RAM              0x24000000         0x00080000         xw
ITCM             0x00000000         0x00010000         rw
DTCM             0x20000000         0x00020000         rw
EXTMEM           0x90000000         0x10000000         rw
SRAM0            0x24000000         0x00080000         rw
SRAM1            0x30000000         0x00020000         rw
SRAM2            0x30020000         0x00020000         rw
SRAM4            0x38000000         0x00010000         rw
SRAM3            0x30040000         0x00008000         rw
IDT_LIST         0xffff7fff         0x00008000         xw
*default*        0x00000000         0xffffffff

Linker script and memory map

                0x080027b8                        vfprintf = __l_vfprintf
                0x00000000                        vfscanf = __l_vfscanf
LOAD zephyr/CMakeFiles/zephyr_final.dir/misc/empty_file.c.obj
LOAD zephyr/CMakeFiles/zephyr_final.dir/isr_tables.c.obj
LOAD zephyr/CMakeFiles/offsets.dir/./arch/arm/core/offsets/offsets.c.obj
LOAD app/libapp.a
LOAD zephyr/libzephyr.a
LOAD zephyr/arch/common/libarch__common.a
LOAD zephyr/arch/arch/arm/core/libarch__arm__core.a
LOAD zephyr/arch/arch/arm/core/cortex_m/libarch__arm__core__cortex_m.a
LOAD zephyr/arch/arch/arm/core/mpu/libarch__arm__core__mpu.a
LOAD zephyr/lib/libc/picolibc/liblib__libc__picolibc.a
LOAD zephyr/lib/libc/common/liblib__libc__common.a
LOAD zephyr/subsys/portability/posix/c_lib_ext/libsubsys__portability__posix__c_lib_ext.a
LOAD zephyr/drivers/interrupt_controller/libdrivers__interrupt_controller.a
LOAD zephyr/drivers/clock_control/libdrivers__clock_control.a
LOAD zephyr/drivers/console/libdrivers__console.a
LOAD zephyr/drivers/pinctrl/libdrivers__pinctrl.a
LOAD zephyr/drivers/reset/libdrivers__reset.a
LOAD zephyr/drivers/serial/libdrivers__serial.a
LOAD zephyr/drivers/timer/libdrivers__timer.a
LOAD modules/hal_stm32/stm32cube/lib..__modules__hal__stm32__stm32cube.a
LOAD zephyr/kernel/libkernel.a
LOAD zephyr/arch/common/libisr_tables.a
LOAD /home/jsc/zephyr-sdk-1.0.1/gnu/arm-zephyr-eabi/bin/../lib/gcc/arm-zephyr-eabi/14.3.0/../../../../arm-zephyr-eabi/lib/thumb/v7e-m/nofp/space/libc.a
LOAD /home/jsc/zephyr-sdk-1.0.1/gnu/arm-zephyr-eabi/bin/../lib/gcc/arm-zephyr-eabi/14.3.0/thumb/v7e-m/nofp/space/libgcc.a
                0x00000020                        _region_min_align = 0x20

.rel.plt        0x08000000        0x0
 *(SORT_BY_ALIGNMENT(.rel.plt))
                [!provide]                        PROVIDE (__rel_iplt_start = .)
 *(SORT_BY_ALIGNMENT(.rel.iplt))
 .rel.iplt      0x08000000        0x0 zephyr/CMakeFiles/zephyr_final.dir/isr_tables.c.obj
                [!provide]                        PROVIDE (__rel_iplt_end = .)

.rela.plt       0x00000000        0x0
 *(SORT_BY_ALIGNMENT(.rela.plt))
                [!provide]                        PROVIDE (__rela_iplt_start = .)
 *(SORT_BY_ALIGNMENT(.rela.iplt))
                [!provide]                        PROVIDE (__rela_iplt_end = .)

.rel.dyn
 *(SORT_BY_ALIGNMENT(.rel.*))

.rela.dyn
 *(SORT_BY_ALIGNMENT(.rela.*))

/DISCARD/
 *(SORT_BY_ALIGNMENT(.plt))

/DISCARD/
 *(SORT_BY_ALIGNMENT(.iplt))
                0x08000000                        __rom_region_start = 0x8000000

rom_start       0x08000000      0x27c
                0x08000000                        __rom_start_address = .
 FILL mask 0x00
                0x08000000                        . = (. + (0x0 - (. - __rom_start_address)))
                0x08000000                        . = ALIGN (0x4)
                0x08000000                        . = ALIGN (0x80)
                0x08000000                        . = ALIGN (0x400)
                0x08000000                        _vector_start = .
 *(SORT_BY_ALIGNMENT(.exc_vector_table))
 *(SORT_BY_ALIGNMENT(.exc_vector_table.*))
 .exc_vector_table._vector_table_section
                0x08000000       0x40 zephyr/arch/arch/arm/core/cortex_m/libarch__arm__core__cortex_m.a(vector_table.S.obj)
                0x08000000                _vector_table
 *(SORT_BY_ALIGNMENT(.vectors))
                0x0800027c                        _vector_end = .
                0x08000040                        . = ALIGN (0x4)
 *(SORT_BY_ALIGNMENT(.gnu.linkonce.irq_vector_table*))
 .gnu.linkonce.irq_vector_table
                0x08000040      0x23c zephyr/CMakeFiles/zephyr_final.dir/isr_tables.c.obj
                0x08000040                _irq_vector_table
                0x0800027c                        _vector_end = .

text            0x0800027c     0x34f8
                0x0800027c                        __text_region_start = .
 *(SORT_BY_ALIGNMENT(.text))
 .text          0x0800027c       0x30 /home/jsc/zephyr-sdk-1.0.1/gnu/arm-zephyr-eabi/bin/../lib/gcc/arm-zephyr-eabi/14.3.0/thumb/v7e-m/nofp/space/libgcc.a(_aeabi_uldivmod.o)
                0x0800027c                __aeabi_uldivmod
 .text          0x080002ac        0x4 /home/jsc/zephyr-sdk-1.0.1/gnu/arm-zephyr-eabi/bin/../lib/gcc/arm-zephyr-eabi/14.3.0/thumb/v7e-m/nofp/space/libgcc.a(_dvmd_tls.o)
                0x080002ac                __aeabi_ldiv0
                0x080002ac                __aeabi_idiv0
 .text          0x080002b0      0x2bc /home/jsc/zephyr-sdk-1.0.1/gnu/arm-zephyr-eabi/bin/../lib/gcc/arm-zephyr-eabi/14.3.0/thumb/v7e-m/nofp/space/libgcc.a(_udivmoddi4.o)
                0x080002b0                __udivmoddi4
 *(SORT_BY_ALIGNMENT(.text.*))
 .text.main     0x0800056c       0x1c app/libapp.a(main.c.obj)
                0x0800056c                main
 .text.boot_banner
                0x08000588       0x10 zephyr/libzephyr.a(boot_banner.c.obj)
 .text.char_out
                0x08000598        0xc zephyr/libzephyr.a(printk.c.obj)
 .text.__printk_hook_install
                0x080005a4        0xc zephyr/libzephyr.a(printk.c.obj)
                0x080005a4                __printk_hook_install
 .text.vprintk  0x080005b0       0x30 zephyr/libzephyr.a(printk.c.obj)
                0x080005b0                vprintk
 .text.st_stm32_common_config
                0x080005e0       0x1c zephyr/libzephyr.a(soc_config.c.obj)
 .text.stm32_gpioport_init
                0x080005fc       0x20 zephyr/libzephyr.a(gpioport_mgr.c.obj)
 .text.stm32_gpioport_get
                0x0800061c       0x24 zephyr/libzephyr.a(gpioport_mgr.c.obj)
                0x0800061c                stm32_gpioport_get
 .text.soc_reset_hook
                0x08000640       0x18 zephyr/libzephyr.a(soc_m7.c.obj)
                0x08000640                soc_reset_hook
 .text.soc_early_init_hook
                0x08000658       0x50 zephyr/libzephyr.a(soc_m7.c.obj)
                0x08000658                soc_early_init_hook
 .text.mem_attr_get_regions
                0x080006a8        0xc zephyr/libzephyr.a(mem_attr.c.obj)
                0x080006a8                mem_attr_get_regions
 .text.z_thread_entry
                0x080006b4       0x34 zephyr/libzephyr.a(thread_entry.c.obj)
                0x080006b4                z_thread_entry
 .text.arch_bss_zero
                0x080006e8       0x2c zephyr/arch/common/libarch__common.a(init.c.obj)
                0x080006e8                arch_bss_zero
 .text.arch_data_copy
                0x08000714       0x50 zephyr/arch/common/libarch__common.a(xip.c.obj)
                0x08000714                arch_data_copy
 .text.z_arm_fatal_error
                0x08000764       0x60 zephyr/arch/arch/arm/core/libarch__arm__core.a(fatal.c.obj)
                0x08000764                z_arm_fatal_error
 .text.z_SysNmiOnReset
                0x080007c4        0x8 zephyr/arch/arch/arm/core/libarch__arm__core.a(nmi_on_reset.S.obj)
                0x080007c4                z_SysNmiOnReset
 .text.arch_tls_stack_setup
                0x080007cc       0x40 zephyr/arch/arch/arm/core/libarch__arm__core.a(tls.c.obj)
                0x080007cc                arch_tls_stack_setup
 .text.mem_manage_fault
                0x0800080c       0xf0 zephyr/arch/arch/arm/core/cortex_m/libarch__arm__core__cortex_m.a(fault.c.obj)
 .text.usage_fault.isra.0
                0x080008fc       0x98 zephyr/arch/arch/arm/core/cortex_m/libarch__arm__core__cortex_m.a(fault.c.obj)
 .text.bus_fault.isra.0
                0x08000994       0xb8 zephyr/arch/arch/arm/core/cortex_m/libarch__arm__core__cortex_m.a(fault.c.obj)
 .text.z_arm_fault
                0x08000a4c      0x1ac zephyr/arch/arch/arm/core/cortex_m/libarch__arm__core__cortex_m.a(fault.c.obj)
                0x08000a4c                z_arm_fault
 .text.z_arm_fault_init
                0x08000bf8       0x18 zephyr/arch/arch/arm/core/cortex_m/libarch__arm__core__cortex_m.a(fault.c.obj)
                0x08000bf8                z_arm_fault_init
 .text.__fault  0x08000c10       0x14 zephyr/arch/arch/arm/core/cortex_m/libarch__arm__core__cortex_m.a(fault_s.S.obj)
                0x08000c10                z_arm_bus_fault
                0x08000c10                z_arm_usage_fault
                0x08000c10                z_arm_mpu_fault
                0x08000c10                z_arm_exc_spurious
                0x08000c10                z_arm_debug_monitor
                0x08000c10                z_arm_hard_fault
 .text._reset_section
                0x08000c24       0x38 zephyr/arch/arch/arm/core/cortex_m/libarch__arm__core__cortex_m.a(reset.S.obj)
                0x08000c24                z_arm_reset
                0x08000c24                __start
 .text.z_arm_svc
                0x08000c5c       0x24 zephyr/arch/arch/arm/core/cortex_m/libarch__arm__core__cortex_m.a(svc.S.obj)
                0x08000c5c                z_arm_svc
 .text.arm_irq_priority_set
                0x08000c80       0x2c zephyr/arch/arch/arm/core/cortex_m/libarch__arm__core__cortex_m.a(irq_manage.c.obj)
                0x08000c80                arm_irq_priority_set
 .text.relocate_vector_table
                0x08000cac       0x1c zephyr/arch/arch/arm/core/cortex_m/libarch__arm__core__cortex_m.a(prep_c.c.obj)
                0x08000cac                relocate_vector_table
 .text.z_prep_c
                0x08000cc8       0x3c zephyr/arch/arch/arm/core/cortex_m/libarch__arm__core__cortex_m.a(prep_c.c.obj)
                0x08000cc8                z_prep_c
 .text.arch_new_thread
                0x08000d04       0x2c zephyr/arch/arch/arm/core/cortex_m/libarch__arm__core__cortex_m.a(thread.c.obj)
                0x08000d04                arch_new_thread
 .text.z_check_thread_stack_fail
                0x08000d30       0x2c zephyr/arch/arch/arm/core/cortex_m/libarch__arm__core__cortex_m.a(thread.c.obj)
                0x08000d30                z_check_thread_stack_fail
 .text.arch_switch_to_main_thread
                0x08000d5c       0x3c zephyr/arch/arch/arm/core/cortex_m/libarch__arm__core__cortex_m.a(thread.c.obj)
                0x08000d5c                arch_switch_to_main_thread
 .text.z_arm_cpu_idle_init
                0x08000d98        0xc zephyr/arch/arch/arm/core/cortex_m/libarch__arm__core__cortex_m.a(cpu_idle.c.obj)
                0x08000d98                z_arm_cpu_idle_init
 .text._HandlerModeExit
                0x08000da4       0x20 zephyr/arch/arch/arm/core/cortex_m/libarch__arm__core__cortex_m.a(exc_exit.c.obj)
                0x08000da4                z_arm_exc_exit
                0x08000da4                z_arm_int_exit
 .text.z_impl_k_thread_abort
                0x08000dc4       0x2c zephyr/arch/arch/arm/core/cortex_m/libarch__arm__core__cortex_m.a(thread_abort.c.obj)
                0x08000dc4                z_impl_k_thread_abort
 .text.z_arm_pendsv
                0x08000df0       0x60 zephyr/arch/arch/arm/core/cortex_m/libarch__arm__core__cortex_m.a(swap_helper.S.obj)
                0x08000df0                z_arm_pendsv
 .text.z_arm_interrupt_init
                0x08000e50       0x18 zephyr/arch/arch/arm/core/cortex_m/libarch__arm__core__cortex_m.a(irq_init.c.obj)
                0x08000e50                z_arm_interrupt_init
 .text._isr_wrapper
                0x08000e68       0x24 zephyr/arch/arch/arm/core/cortex_m/libarch__arm__core__cortex_m.a(isr_wrapper.c.obj)
                0x08000e68                _isr_wrapper
 .text.__aeabi_read_tp
                0x08000e8c        0xc zephyr/arch/arch/arm/core/cortex_m/libarch__arm__core__cortex_m.a(__aeabi_read_tp.S.obj)
                0x08000e8c                __aeabi_read_tp
 .text.arch_dcache_enable
                0x08000e98       0x5c zephyr/arch/arch/arm/core/cortex_m/libarch__arm__core__cortex_m.a(cache.c.obj)
                0x08000e98                arch_dcache_enable
 .text.arch_icache_enable
                0x08000ef4       0x34 zephyr/arch/arch/arm/core/cortex_m/libarch__arm__core__cortex_m.a(cache.c.obj)
                0x08000ef4                arch_icache_enable
 .text.z_arm_configure_static_mpu_regions
                0x08000f28       0x18 zephyr/arch/arch/arm/core/mpu/libarch__arm__core__mpu.a(arm_core_mpu.c.obj)
                0x08000f28                z_arm_configure_static_mpu_regions
 .text.z_arm_configure_dynamic_mpu_regions
                0x08000f40       0x20 zephyr/arch/arch/arm/core/mpu/libarch__arm__core__mpu.a(arm_core_mpu.c.obj)
                0x08000f40                z_arm_configure_dynamic_mpu_regions
 .text.region_init
                0x08000f60       0x28 zephyr/arch/arch/arm/core/mpu/libarch__arm__core__mpu.a(arm_mpu.c.obj)
 .text.mpu_configure_regions
                0x08000f88       0x6c zephyr/arch/arch/arm/core/mpu/libarch__arm__core__mpu.a(arm_mpu.c.obj)
 .text.arm_core_mpu_enable
                0x08000ff4       0x18 zephyr/arch/arch/arm/core/mpu/libarch__arm__core__mpu.a(arm_mpu.c.obj)
                0x08000ff4                arm_core_mpu_enable
 .text.arm_core_mpu_disable
                0x0800100c       0x14 zephyr/arch/arch/arm/core/mpu/libarch__arm__core__mpu.a(arm_mpu.c.obj)
                0x0800100c                arm_core_mpu_disable
 .text.arm_core_mpu_configure_static_mpu_regions
                0x08001020       0x14 zephyr/arch/arch/arm/core/mpu/libarch__arm__core__mpu.a(arm_mpu.c.obj)
                0x08001020                arm_core_mpu_configure_static_mpu_regions
 .text.arm_core_mpu_configure_dynamic_mpu_regions
                0x08001034       0x38 zephyr/arch/arch/arm/core/mpu/libarch__arm__core__mpu.a(arm_mpu.c.obj)
                0x08001034                arm_core_mpu_configure_dynamic_mpu_regions
 .text.z_arm_mpu_init
                0x0800106c      0x184 zephyr/arch/arch/arm/core/mpu/libarch__arm__core__mpu.a(arm_mpu.c.obj)
                0x0800106c                z_arm_mpu_init
 .text.z_impl_zephyr_fputc
                0x080011f0       0x10 zephyr/lib/libc/picolibc/liblib__libc__picolibc.a(stdio.c.obj)
                0x080011f0                z_impl_zephyr_fputc
 .text.__stdout_hook_install
                0x08001200       0x18 zephyr/lib/libc/picolibc/liblib__libc__picolibc.a(stdio.c.obj)
                0x08001200                __stdout_hook_install
 .text.malloc_prepare
                0x08001218       0x24 zephyr/lib/libc/common/liblib__libc__common.a(malloc.c.obj)
 .text.stm32_exti_init
                0x0800123c       0x2c zephyr/drivers/interrupt_controller/libdrivers__interrupt_controller.a(intc_exti_stm32.c.obj)
 .text.stm32_fill_irq_table
                0x08001268       0x18 zephyr/drivers/interrupt_controller/libdrivers__interrupt_controller.a(intc_gpio_stm32.c.obj)
 .text.stm32_intc_gpio_isr
                0x08001280       0x4c zephyr/drivers/interrupt_controller/libdrivers__interrupt_controller.a(intc_gpio_stm32.c.obj)
 .text.stm32_clock_control_get_subsys_rate
                0x080012cc       0xec zephyr/drivers/clock_control/libdrivers__clock_control.a(clock_stm32_ll_h7.c.obj)
 .text.stm32_clock_control_init
                0x080013b8      0x27c zephyr/drivers/clock_control/libdrivers__clock_control.a(clock_stm32_ll_h7.c.obj)
                0x080013b8                stm32_clock_control_init
 .text.enabled_clock
                0x08001634       0x20 zephyr/drivers/clock_control/libdrivers__clock_control.a(clock_stm32_ll_h7.c.obj)
                0x08001634                enabled_clock
 .text.uart_console_init
                0x08001654       0x28 zephyr/drivers/console/libdrivers__console.a(uart_console.c.obj)
 .text.console_out
                0x0800167c       0x28 zephyr/drivers/console/libdrivers__console.a(uart_console.c.obj)
 .text.uart_stm32_cfg2ll_stopbits
                0x080016a4       0x38 zephyr/drivers/serial/libdrivers__serial.a(uart_stm32.c.obj)
 .text.lpuartdiv_calc
                0x080016dc       0x30 zephyr/drivers/serial/libdrivers__serial.a(uart_stm32.c.obj)
                0x080016dc                lpuartdiv_calc
 .text.uart_stm32_set_baudrate.isra.0
                0x0800170c       0xb8 zephyr/drivers/serial/libdrivers__serial.a(uart_stm32.c.obj)
 .text.uart_stm32_configure
                0x080017c4      0x124 zephyr/drivers/serial/libdrivers__serial.a(uart_stm32.c.obj)
 .text.uart_stm32_init
                0x080018e8      0x168 zephyr/drivers/serial/libdrivers__serial.a(uart_stm32.c.obj)
 .text.elapsed  0x08001a50       0x44 zephyr/drivers/timer/libdrivers__timer.a(cortex_m_systick.c.obj)
 .text.sys_clock_driver_init
                0x08001a94       0x34 zephyr/drivers/timer/libdrivers__timer.a(cortex_m_systick.c.obj)
 .text.sys_clock_isr
                0x08001ac8       0x70 zephyr/drivers/timer/libdrivers__timer.a(cortex_m_systick.c.obj)
                0x08001ac8                sys_clock_isr
 .text.sys_clock_set_timeout
                0x08001b38       0xf0 zephyr/drivers/timer/libdrivers__timer.a(cortex_m_systick.c.obj)
                0x08001b38                sys_clock_set_timeout
 .text.sys_clock_elapsed
                0x08001c28       0x2c zephyr/drivers/timer/libdrivers__timer.a(cortex_m_systick.c.obj)
                0x08001c28                sys_clock_elapsed
 .text.LL_SetFlashLatency
                0x08001c54       0xf4 modules/hal_stm32/stm32cube/lib..__modules__hal__stm32__stm32cube.a(stm32h7xx_ll_utils.c.obj)
                0x08001c54                LL_SetFlashLatency
 .text.z_fatal_error
                0x08001d48       0x30 zephyr/kernel/libkernel.a(fatal.c.obj)
                0x08001d48                z_fatal_error
 .text.z_sys_init_run_level
                0x08001d78       0x30 zephyr/kernel/libkernel.a(init.c.obj)
 .text.bg_thread_main
                0x08001da8       0xb8 zephyr/kernel/libkernel.a(init.c.obj)
 .text.z_init_cpu
                0x08001e60       0x70 zephyr/kernel/libkernel.a(init.c.obj)
                0x08001e60                z_init_cpu
 .text.z_cstart
                0x08001ed0       0xc4 zephyr/kernel/libkernel.a(init.c.obj)
                0x08001ed0                z_cstart
 .text.z_setup_new_thread
                0x08001f94       0xa4 zephyr/kernel/libkernel.a(thread.c.obj)
                0x08001f94                z_setup_new_thread
 .text.z_dummy_thread_init
                0x08002038       0x18 zephyr/kernel/libkernel.a(thread.c.obj)
                0x08002038                z_dummy_thread_init
 .text.z_impl_k_wakeup
                0x08002050       0x48 zephyr/kernel/libkernel.a(thread.c.obj)
                0x08002050                z_impl_k_wakeup
 .text.z_swap_irqlock
                0x08002098       0x30 zephyr/kernel/libkernel.a(sched.c.obj)
 .text.ready_thread
                0x080020c8       0x80 zephyr/kernel/libkernel.a(sched.c.obj)
 .text.reschedule.isra.0
                0x08002148       0x28 zephyr/kernel/libkernel.a(sched.c.obj)
 .text.move_current_to_end_of_prio_q
                0x08002170       0x6c zephyr/kernel/libkernel.a(sched.c.obj)
                0x08002170                move_current_to_end_of_prio_q
 .text.z_thread_halt
                0x080021dc      0x13c zephyr/kernel/libkernel.a(sched.c.obj)
                0x080021dc                z_thread_halt
 .text.z_sched_lock_reschedule
                0x08002318       0x44 zephyr/kernel/libkernel.a(sched.c.obj)
                0x08002318                z_sched_lock_reschedule
 .text.z_sched_init
                0x0800235c       0x10 zephyr/kernel/libkernel.a(scheduler.c.obj)
                0x0800235c                z_sched_init
 .text.k_sched_lock
                0x0800236c       0x28 zephyr/kernel/libkernel.a(scheduler.c.obj)
                0x0800236c                k_sched_lock
 .text.k_sched_unlock
                0x08002394       0x20 zephyr/kernel/libkernel.a(scheduler.c.obj)
                0x08002394                k_sched_unlock
 .text.z_impl_k_sched_current_thread_query
                0x080023b4        0xc zephyr/kernel/libkernel.a(scheduler.c.obj)
                0x080023b4                z_impl_k_sched_current_thread_query
 .text.z_time_slice_size
                0x080023c0       0x40 zephyr/kernel/libkernel.a(timeslicing.c.obj)
 .text.slice_timeout
                0x08002400       0x20 zephyr/kernel/libkernel.a(timeslicing.c.obj)
 .text.z_time_slice_reset
                0x08002420       0x44 zephyr/kernel/libkernel.a(timeslicing.c.obj)
                0x08002420                z_time_slice_reset
 .text.z_time_slice
                0x08002464       0x5c zephyr/kernel/libkernel.a(timeslicing.c.obj)
                0x08002464                z_time_slice
 .text.first    0x080024c0       0x10 zephyr/kernel/libkernel.a(timeout.c.obj)
 .text.elapsed  0x080024d0       0x10 zephyr/kernel/libkernel.a(timeout.c.obj)
 .text.z_add_timeout
                0x080024e0      0x130 zephyr/kernel/libkernel.a(timeout.c.obj)
                0x080024e0                z_add_timeout
 .text.z_try_abort_timeout
                0x08002610       0x84 zephyr/kernel/libkernel.a(timeout.c.obj)
                0x08002610                z_try_abort_timeout
 .text.z_timeout_inflight_superseded
                0x08002694       0x2c zephyr/kernel/libkernel.a(timeout.c.obj)
                0x08002694                z_timeout_inflight_superseded
 .text.sys_clock_announce_locked
                0x080026c0       0xd4 zephyr/kernel/libkernel.a(timeout.c.obj)
                0x080026c0                sys_clock_announce_locked
 .text.printf   0x08002794       0x24 /home/jsc/zephyr-sdk-1.0.1/gnu/arm-zephyr-eabi/bin/../lib/gcc/arm-zephyr-eabi/14.3.0/../../../../arm-zephyr-eabi/lib/thumb/v7e-m/nofp/space/libc.a(libc_tinystdio_printf.c.o)
                0x08002794                printf
 .text.__l_vfprintf
                0x080027b8      0x488 /home/jsc/zephyr-sdk-1.0.1/gnu/arm-zephyr-eabi/bin/../lib/gcc/arm-zephyr-eabi/14.3.0/../../../../arm-zephyr-eabi/lib/thumb/v7e-m/nofp/space/libc.a(libc_tinystdio_vflprintf.c.o)
                0x080027b8                __l_vfprintf
 .text._OffsetAbsSyms
                0x08002c40        0x2 zephyr/CMakeFiles/offsets.dir/./arch/arm/core/offsets/offsets.c.obj
                0x08002c40                _OffsetAbsSyms
 .text.chunk_field
                0x08002c42       0x16 zephyr/libzephyr.a(heap.c.obj)
 .text.chunk_set
                0x08002c58       0x16 zephyr/libzephyr.a(heap.c.obj)
 .text.chunk_size
                0x08002c6e        0xc zephyr/libzephyr.a(heap.c.obj)
 .text.set_chunk_used
                0x08002c7a       0x30 zephyr/libzephyr.a(heap.c.obj)
 .text.set_chunk_size
                0x08002caa        0x8 zephyr/libzephyr.a(heap.c.obj)
 .text.undersized_chunk
                0x08002cb2       0x1c zephyr/libzephyr.a(heap.c.obj)
 .text.bucket_idx
                0x08002cce       0x14 zephyr/libzephyr.a(heap.c.obj)
 .text.free_list_add
                0x08002ce2       0x82 zephyr/libzephyr.a(heap.c.obj)
 .text.sys_heap_init
                0x08002d64       0xa4 zephyr/libzephyr.a(heap.c.obj)
                0x08002d64                sys_heap_init
 .text.arch_printk_char_out
                0x08002e08        0x4 zephyr/libzephyr.a(printk.c.obj)
                0x08002e08                arch_printk_char_out
 .text.printk   0x08002e0c       0x1a zephyr/libzephyr.a(printk.c.obj)
                0x08002e0c                printk
 .text._ConfigAbsSyms
                0x08002e26        0x2 zephyr/libzephyr.a(configs.c.obj)
                0x08002e26                _ConfigAbsSyms
 .text.dummy_gpio_pin_configure
                0x08002e28        0x6 zephyr/libzephyr.a(gpioport_mgr.c.obj)
 .text.dummy_gpio_port_get_raw
                0x08002e2e        0x6 zephyr/libzephyr.a(gpioport_mgr.c.obj)
 .text.dummy_gpio_port_set_masked_raw
                0x08002e34        0x6 zephyr/libzephyr.a(gpioport_mgr.c.obj)
 .text.dummy_gpio_port_set_bits_raw
                0x08002e3a        0x6 zephyr/libzephyr.a(gpioport_mgr.c.obj)
 .text.dummy_gpio_port_toggle_bits
                0x08002e40        0x6 zephyr/libzephyr.a(gpioport_mgr.c.obj)
 .text.dummy_gpio_port_clear_bits_raw
                0x08002e46        0x6 zephyr/libzephyr.a(gpioport_mgr.c.obj)
 .text.stm32_gpioport_configure_pin
                0x08002e4c       0xbc zephyr/libzephyr.a(gpioport_mgr.c.obj)
                0x08002e4c                stm32_gpioport_configure_pin
 .text.arch_early_memset
                0x08002f08        0x4 zephyr/arch/common/libarch__common.a(init.c.obj)
                0x08002f08                arch_early_memset
 .text.arch_early_memcpy
                0x08002f0c        0x4 zephyr/arch/common/libarch__common.a(init.c.obj)
                0x08002f0c                arch_early_memcpy
 .text.z_do_kernel_oops
                0x08002f10        0x8 zephyr/arch/arch/arm/core/libarch__arm__core.a(fatal.c.obj)
                0x08002f10                z_do_kernel_oops
 .text.z_arm_nmi
                0x08002f18        0xe zephyr/arch/arch/arm/core/libarch__arm__core.a(nmi.c.obj)
                0x08002f18                z_arm_nmi
 .text.z_irq_spurious
                0x08002f26        0x8 zephyr/arch/arch/arm/core/cortex_m/libarch__arm__core__cortex_m.a(irq_manage.c.obj)
                0x08002f26                z_irq_spurious
 .text.arch_coprocessors_disable
                0x08002f2e        0x6 zephyr/arch/arch/arm/core/cortex_m/libarch__arm__core__cortex_m.a(thread.c.obj)
                0x08002f2e                arch_coprocessors_disable
 .text.arch_irq_unlock_outlined
                0x08002f34        0xe zephyr/arch/arch/arm/core/cortex_m/libarch__arm__core__cortex_m.a(thread.c.obj)
                0x08002f34                arch_irq_unlock_outlined
 .text.arch_cpu_idle
                0x08002f42       0x1a zephyr/arch/arch/arm/core/cortex_m/libarch__arm__core__cortex_m.a(cpu_idle.c.obj)
                0x08002f42                arch_cpu_idle
 .text.arch_cache_init
                0x08002f5c        0x2 zephyr/arch/arch/arm/core/cortex_m/libarch__arm__core__cortex_m.a(cache.c.obj)
                0x08002f5c                arch_cache_init
 .text.size_to_mpu_rasr_size
                0x08002f5e       0x20 zephyr/arch/arch/arm/core/mpu/libarch__arm__core__mpu.a(arm_mpu.c.obj)
 .text.picolibc_put
                0x08002f7e        0xa zephyr/lib/libc/picolibc/liblib__libc__picolibc.a(stdio.c.obj)
 .text.stm32_exti_is_pending
                0x08002f88       0x38 zephyr/drivers/interrupt_controller/libdrivers__interrupt_controller.a(intc_exti_stm32.c.obj)
                0x08002f88                stm32_exti_is_pending
 .text.stm32_exti_clear_pending
                0x08002fc0       0x34 zephyr/drivers/interrupt_controller/libdrivers__interrupt_controller.a(intc_exti_stm32.c.obj)
                0x08002fc0                stm32_exti_clear_pending
 .text.stm32_exti_gpio_intc_init
                0x08002ff4       0x92 zephyr/drivers/interrupt_controller/libdrivers__interrupt_controller.a(intc_gpio_stm32.c.obj)
 .text.stm32_clock_control_on
                0x08003086       0x44 zephyr/drivers/clock_control/libdrivers__clock_control.a(clock_stm32_ll_h7.c.obj)
 .text.stm32_clock_control_off
                0x080030ca       0x2e zephyr/drivers/clock_control/libdrivers__clock_control.a(clock_stm32_ll_h7.c.obj)
 .text.stm32_clock_control_configure
                0x080030f8       0x46 zephyr/drivers/clock_control/libdrivers__clock_control.a(clock_stm32_ll_h7.c.obj)
 .text.stm32_clock_control_get_status
                0x0800313e       0x38 zephyr/drivers/clock_control/libdrivers__clock_control.a(clock_stm32_ll_h7.c.obj)
 .text.pinctrl_lookup_state
                0x08003176       0x24 zephyr/drivers/pinctrl/libdrivers__pinctrl.a(common.c.obj)
                0x08003176                pinctrl_lookup_state
 .text.pinctrl_configure_pins
                0x0800319a       0x38 zephyr/drivers/pinctrl/libdrivers__pinctrl.a(pinctrl_stm32.c.obj)
                0x0800319a                pinctrl_configure_pins
 .text.reset_stm32_status
                0x080031d2       0x20 zephyr/drivers/reset/libdrivers__reset.a(reset_stm32.c.obj)
 .text.reset_stm32_line_assert
                0x080031f2       0x1c zephyr/drivers/reset/libdrivers__reset.a(reset_stm32.c.obj)
 .text.reset_stm32_line_deassert
                0x0800320e       0x1e zephyr/drivers/reset/libdrivers__reset.a(reset_stm32.c.obj)
 .text.reset_stm32_line_toggle
                0x0800322c       0x16 zephyr/drivers/reset/libdrivers__reset.a(reset_stm32.c.obj)
 .text.uart_stm32_ll2cfg_databits
                0x08003242       0x2a zephyr/drivers/serial/libdrivers__serial.a(uart_stm32.c.obj)
 .text.uart_stm32_err_check
                0x0800326c       0x5a zephyr/drivers/serial/libdrivers__serial.a(uart_stm32.c.obj)
 .text.uart_stm32_poll_out
                0x080032c6       0x36 zephyr/drivers/serial/libdrivers__serial.a(uart_stm32.c.obj)
 .text.uart_stm32_poll_in
                0x080032fc       0x22 zephyr/drivers/serial/libdrivers__serial.a(uart_stm32.c.obj)
 .text.uart_stm32_config_get
                0x0800331e       0x92 zephyr/drivers/serial/libdrivers__serial.a(uart_stm32.c.obj)
 .text.uart_stm32_parameters_set
                0x080033b0      0x144 zephyr/drivers/serial/libdrivers__serial.a(uart_stm32.c.obj)
 .text.sys_clock_lock
                0x080034f4       0x10 zephyr/drivers/timer/libdrivers__timer.a(cortex_m_systick.c.obj)
 .text.do_device_init
                0x08003504       0x30 zephyr/kernel/libkernel.a(device.c.obj)
                0x08003504                do_device_init
 .text.z_impl_device_is_ready
                0x08003534       0x16 zephyr/kernel/libkernel.a(device.c.obj)
                0x08003534                z_impl_device_is_ready
 .text.arch_system_halt
                0x0800354a       0x10 zephyr/kernel/libkernel.a(fatal.c.obj)
                0x0800354a                arch_system_halt
 .text.k_sys_fatal_error_handler
                0x0800355a        0x6 zephyr/kernel/libkernel.a(fatal.c.obj)
                0x0800355a                k_sys_fatal_error_handler
 .text.idle     0x08003560       0x16 zephyr/kernel/libkernel.a(idle.c.obj)
                0x08003560                idle
 .text.z_thread_abort
                0x08003576       0x3e zephyr/kernel/libkernel.a(thread.c.obj)
                0x08003576                z_thread_abort
 .text.sys_dlist_remove
                0x080035b4       0x10 zephyr/kernel/libkernel.a(sched.c.obj)
 .text.unpend_thread_no_timeout
                0x080035c4       0x14 zephyr/kernel/libkernel.a(sched.c.obj)
 .text.z_ready_thread
                0x080035d8       0x1e zephyr/kernel/libkernel.a(sched.c.obj)
                0x080035d8                z_ready_thread
 .text.z_sched_ready_locked
                0x080035f6        0x4 zephyr/kernel/libkernel.a(sched.c.obj)
                0x080035f6                z_sched_ready_locked
 .text.z_sched_wake_thread_locked
                0x080035fa       0x28 zephyr/kernel/libkernel.a(sched.c.obj)
                0x080035fa                z_sched_wake_thread_locked
 .text.z_thread_timeout
                0x08003622       0x2a zephyr/kernel/libkernel.a(sched.c.obj)
                0x08003622                z_thread_timeout
 .text.z_reschedule
                0x0800364c        0x6 zephyr/kernel/libkernel.a(sched.c.obj)
                0x0800364c                z_reschedule
 .text.next_timeout
                0x08003652       0x2e zephyr/kernel/libkernel.a(timeout.c.obj)
 .text.memcpy   0x08003680       0x1c /home/jsc/zephyr-sdk-1.0.1/gnu/arm-zephyr-eabi/bin/../lib/gcc/arm-zephyr-eabi/14.3.0/../../../../arm-zephyr-eabi/lib/thumb/v7e-m/nofp/space/libc.a(memcpy.c.o)
                0x08003680                memcpy
                0x08003680                __aeabi_memcpy
                0x08003680                __aeabi_memcpy4
                0x08003680                __aeabi_memcpy8
 .text.memset   0x0800369c       0x10 /home/jsc/zephyr-sdk-1.0.1/gnu/arm-zephyr-eabi/bin/../lib/gcc/arm-zephyr-eabi/14.3.0/../../../../arm-zephyr-eabi/lib/thumb/v7e-m/nofp/space/libc.a(memset.c.o)
                0x0800369c                memset
 .text.strnlen  0x080036ac       0x18 /home/jsc/zephyr-sdk-1.0.1/gnu/arm-zephyr-eabi/bin/../lib/gcc/arm-zephyr-eabi/14.3.0/../../../../arm-zephyr-eabi/lib/thumb/v7e-m/nofp/space/libc.a(libc_string_strnlen.c.o)
                0x080036ac                strnlen
 .text.__ultoa_invert
                0x080036c4       0xae /home/jsc/zephyr-sdk-1.0.1/gnu/arm-zephyr-eabi/bin/../lib/gcc/arm-zephyr-eabi/14.3.0/../../../../arm-zephyr-eabi/lib/thumb/v7e-m/nofp/space/libc.a(libc_tinystdio_vflprintf.c.o)
 *(SORT_BY_ALIGNMENT(.gnu.linkonce.t.*))
 *(SORT_BY_ALIGNMENT(.glue_7t))
 .glue_7t       0x08003772        0x0 linker stubs
 *(SORT_BY_ALIGNMENT(.glue_7))
 .glue_7        0x08003772        0x0 linker stubs
 *(SORT_BY_ALIGNMENT(.vfp11_veneer))
 .vfp11_veneer  0x08003772        0x0 linker stubs
 *(SORT_BY_ALIGNMENT(.v4_bx))
 .v4_bx         0x08003772        0x0 linker stubs
                0x08003774                        . = ALIGN (0x4)
 *fill*         0x08003772        0x2 
                0x08003774                        __text_region_end = .

.ARM.exidx      0x08003774        0x8
                0x08003774                        __exidx_start = .
 *(SORT_BY_ALIGNMENT(.ARM.exidx*) SORT_BY_ALIGNMENT(gnu.linkonce.armexidx.*))
 .ARM.exidx     0x08003774        0x8 /home/jsc/zephyr-sdk-1.0.1/gnu/arm-zephyr-eabi/bin/../lib/gcc/arm-zephyr-eabi/14.3.0/thumb/v7e-m/nofp/space/libgcc.a(_udivmoddi4.o)
                0x0800377c                        __exidx_end = .
                0x0800377c                        __rodata_region_start = .

initlevel       0x0800377c       0xb0
                0x0800377c                        __init_start = .
                0x0800377c                        __init_EARLY_start = .
 *(SORT_BY_NAME(SORT_BY_ALIGNMENT(.z_init_EARLY_P_?_*)))
 *(SORT_BY_NAME(SORT_BY_ALIGNMENT(.z_init_EARLY_P_??_*)))
 *(SORT_BY_NAME(SORT_BY_ALIGNMENT(.z_init_EARLY_P_???_*)))
                0x0800377c                        __init_PRE_KERNEL_1_start = .
 *(SORT_BY_NAME(SORT_BY_ALIGNMENT(.z_init_PRE_KERNEL_1_P_?_*)))
 .z_init_PRE_KERNEL_1_P_1_SUB_00009_
                0x0800377c        0x8 zephyr/drivers/clock_control/libdrivers__clock_control.a(clock_stm32_ll_h7.c.obj)
 .z_init_PRE_KERNEL_1_P_1_SUB_0_
                0x08003784        0x8 zephyr/libzephyr.a(soc_config.c.obj)
 *(SORT_BY_NAME(SORT_BY_ALIGNMENT(.z_init_PRE_KERNEL_1_P_??_*)))
 .z_init_PRE_KERNEL_1_P_35_SUB_00063_
                0x0800378c        0x8 zephyr/drivers/reset/libdrivers__reset.a(reset_stm32.c.obj)
 .z_init_PRE_KERNEL_1_P_40_SUB_00026_
                0x08003794        0x8 zephyr/libzephyr.a(gpioport_mgr.c.obj)
 .z_init_PRE_KERNEL_1_P_40_SUB_00053_
                0x0800379c        0x8 zephyr/libzephyr.a(gpioport_mgr.c.obj)
 .z_init_PRE_KERNEL_1_P_40_SUB_00056_
                0x080037a4        0x8 zephyr/libzephyr.a(gpioport_mgr.c.obj)
 .z_init_PRE_KERNEL_1_P_40_SUB_00094_
                0x080037ac        0x8 zephyr/drivers/interrupt_controller/libdrivers__interrupt_controller.a(intc_exti_stm32.c.obj)
 .z_init_PRE_KERNEL_1_P_40_SUB_00115_
                0x080037b4        0x8 zephyr/libzephyr.a(gpioport_mgr.c.obj)
 .z_init_PRE_KERNEL_1_P_40_SUB_00158_
                0x080037bc        0x8 zephyr/libzephyr.a(gpioport_mgr.c.obj)
 .z_init_PRE_KERNEL_1_P_40_SUB_00159_
                0x080037c4        0x8 zephyr/libzephyr.a(gpioport_mgr.c.obj)
 .z_init_PRE_KERNEL_1_P_40_SUB_00160_
                0x080037cc        0x8 zephyr/libzephyr.a(gpioport_mgr.c.obj)
 .z_init_PRE_KERNEL_1_P_40_SUB_00161_
                0x080037d4        0x8 zephyr/libzephyr.a(gpioport_mgr.c.obj)
 .z_init_PRE_KERNEL_1_P_40_SUB_00162_
                0x080037dc        0x8 zephyr/libzephyr.a(gpioport_mgr.c.obj)
 .z_init_PRE_KERNEL_1_P_40_SUB_00163_
                0x080037e4        0x8 zephyr/libzephyr.a(gpioport_mgr.c.obj)
 .z_init_PRE_KERNEL_1_P_40_SUB_00164_
                0x080037ec        0x8 zephyr/libzephyr.a(gpioport_mgr.c.obj)
 .z_init_PRE_KERNEL_1_P_40_SUB_0_
                0x080037f4        0x8 zephyr/drivers/interrupt_controller/libdrivers__interrupt_controller.a(intc_gpio_stm32.c.obj)
 .z_init_PRE_KERNEL_1_P_50_SUB_00103_
                0x080037fc        0x8 zephyr/drivers/serial/libdrivers__serial.a(uart_stm32.c.obj)
 .z_init_PRE_KERNEL_1_P_50_SUB_00112_
                0x08003804        0x8 zephyr/drivers/serial/libdrivers__serial.a(uart_stm32.c.obj)
 .z_init_PRE_KERNEL_1_P_60_SUB_0_
                0x0800380c        0x8 zephyr/drivers/console/libdrivers__console.a(uart_console.c.obj)
 *(SORT_BY_NAME(SORT_BY_ALIGNMENT(.z_init_PRE_KERNEL_1_P_???_*)))
                0x08003814                        __init_PRE_KERNEL_2_start = .
 *(SORT_BY_NAME(SORT_BY_ALIGNMENT(.z_init_PRE_KERNEL_2_P_?_*)))
 .z_init_PRE_KERNEL_2_P_0_SUB_0_
                0x08003814        0x8 zephyr/drivers/timer/libdrivers__timer.a(cortex_m_systick.c.obj)
 *(SORT_BY_NAME(SORT_BY_ALIGNMENT(.z_init_PRE_KERNEL_2_P_??_*)))
 *(SORT_BY_NAME(SORT_BY_ALIGNMENT(.z_init_PRE_KERNEL_2_P_???_*)))
                0x0800381c                        __init_POST_KERNEL_start = .
 *(SORT_BY_NAME(SORT_BY_ALIGNMENT(.z_init_POST_KERNEL_P_?_*)))
 *(SORT_BY_NAME(SORT_BY_ALIGNMENT(.z_init_POST_KERNEL_P_??_*)))
 .z_init_POST_KERNEL_P_35_SUB_0_
                0x0800381c        0x8 zephyr/lib/libc/common/liblib__libc__common.a(malloc.c.obj)
 *(SORT_BY_NAME(SORT_BY_ALIGNMENT(.z_init_POST_KERNEL_P_???_*)))
                0x08003824                        __init_APPLICATION_start = .
 *(SORT_BY_NAME(SORT_BY_ALIGNMENT(.z_init_APPLICATION_P_?_*)))
 .z_init_APPLICATION_P_0_SUB_0_
                0x08003824        0x8 zephyr/libzephyr.a(boot_banner.c.obj)
 *(SORT_BY_NAME(SORT_BY_ALIGNMENT(.z_init_APPLICATION_P_??_*)))
 *(SORT_BY_NAME(SORT_BY_ALIGNMENT(.z_init_APPLICATION_P_???_*)))
                0x0800382c                        __init_SMP_start = .
 *(SORT_BY_NAME(SORT_BY_ALIGNMENT(.z_init_SMP_P_?_*)))
 *(SORT_BY_NAME(SORT_BY_ALIGNMENT(.z_init_SMP_P_??_*)))
 *(SORT_BY_NAME(SORT_BY_ALIGNMENT(.z_init_SMP_P_???_*)))
                0x0800382c                        __init_end = .

device_area     0x0800382c      0x1c0
                0x0800382c                        _device_list_start = .
 *(SORT_BY_NAME(SORT_BY_ALIGNMENT(._device.static.*_?_*)))
 ._device.static.1_1_
                0x0800382c       0x1c zephyr/drivers/clock_control/libdrivers__clock_control.a(clock_stm32_ll_h7.c.obj)
                0x0800382c                __device_dts_ord_9
 *(SORT_BY_NAME(SORT_BY_ALIGNMENT(._device.static.*_??_*)))
 ._device.static.1_35_
                0x08003848       0x1c zephyr/drivers/reset/libdrivers__reset.a(reset_stm32.c.obj)
                0x08003848                __device_dts_ord_63
 ._device.static.1_40_
                0x08003864      0x134 zephyr/libzephyr.a(gpioport_mgr.c.obj)
                0x08003864                __device_dts_ord_164
                0x08003880                __device_dts_ord_163
                0x0800389c                __device_dts_ord_162
                0x080038b8                __device_dts_ord_161
                0x080038d4                __device_dts_ord_160
                0x080038f0                __device_dts_ord_159
                0x0800390c                __device_dts_ord_56
                0x08003928                __device_dts_ord_115
                0x08003944                __device_dts_ord_53
                0x08003960                __device_dts_ord_26
                0x0800397c                __device_dts_ord_158
 ._device.static.1_40_
                0x08003998       0x1c zephyr/drivers/interrupt_controller/libdrivers__interrupt_controller.a(intc_exti_stm32.c.obj)
                0x08003998                __device_dts_ord_94
 ._device.static.1_50_
                0x080039b4       0x38 zephyr/drivers/serial/libdrivers__serial.a(uart_stm32.c.obj)
                0x080039b4                __device_dts_ord_112
                0x080039d0                __device_dts_ord_103
 *(SORT_BY_NAME(SORT_BY_ALIGNMENT(._device.static.*_???_*)))
 *(SORT_BY_NAME(SORT_BY_ALIGNMENT(._device.static.*_????_*)))
 *(SORT_BY_NAME(SORT_BY_ALIGNMENT(._device.static.*_?????_*)))
                0x080039ec                        _device_list_end = .

sw_isr_table    0x080039ec      0x478
                0x080039ec                        . = ALIGN (0x4)
 *(SORT_BY_ALIGNMENT(.gnu.linkonce.sw_isr_table*))
 .gnu.linkonce.sw_isr_table
                0x080039ec      0x478 zephyr/CMakeFiles/zephyr_final.dir/isr_tables.c.obj
                0x080039ec                _sw_isr_table

initlevel_error
 *(SORT_BY_NAME(SORT_BY_ALIGNMENT(.z_init_*)))
                0x00000001                        ASSERT ((SIZEOF (initlevel_error) == 0x0), Undefined initialization levels used.)

app_shmem_regions
                0x08003e64        0x0
                0x08003e64                        __app_shmem_regions_start = .
 *(SORT_BY_NAME(SORT_BY_ALIGNMENT(.app_regions.*)))
                0x08003e64                        __app_shmem_regions_end = .

k_p4wq_initparam_area
                0x08003e64        0x0
                0x08003e64                        _k_p4wq_initparam_list_start = .
 *(SORT_BY_NAME(SORT_BY_ALIGNMENT(._k_p4wq_initparam.static.*)))
                0x08003e64                        _k_p4wq_initparam_list_end = .

_static_thread_data_area
                0x08003e64        0x0
                0x08003e64                        __static_thread_data_list_start = .
 *(SORT_BY_NAME(SORT_BY_ALIGNMENT(.__static_thread_data.static.*)))
                0x08003e64                        __static_thread_data_list_end = .

device_deps     0x08003e64        0x0
                0x08003e64                        __device_deps_start = .
 *(SORT_BY_NAME(SORT_BY_ALIGNMENT(.__device_deps_pass2*)))
                0x08003e64                        __device_deps_end = .

device_api_area
                0x08003e64       0x64
                0x08003e64                        _reset_driver_api_list_start = .
 *(SORT_BY_NAME(SORT_BY_ALIGNMENT(._reset_driver_api.static.*)))
 ._reset_driver_api.static.reset_stm32_driver_api_
                0x08003e64       0x10 zephyr/drivers/reset/libdrivers__reset.a(reset_stm32.c.obj)
                0x08003e74                        _reset_driver_api_list_end = .
                0x08003e74                        _reset_driver_api_ext_end = .
                0x08003e74                        _shared_irq_driver_api_list_start = .
 *(SORT_BY_NAME(SORT_BY_ALIGNMENT(._shared_irq_driver_api.static.*)))
                0x08003e74                        _shared_irq_driver_api_list_end = .
                0x08003e74                        _shared_irq_driver_api_ext_end = .
                0x08003e74                        _audio_codec_driver_api_list_start = .
 *(SORT_BY_NAME(SORT_BY_ALIGNMENT(._audio_codec_driver_api.static.*)))
                0x08003e74                        _audio_codec_driver_api_list_end = .
                0x08003e74                        _audio_codec_driver_api_ext_end = .
                0x08003e74                        _dmic_driver_api_list_start = .
 *(SORT_BY_NAME(SORT_BY_ALIGNMENT(._dmic_driver_api.static.*)))
                0x08003e74                        _dmic_driver_api_list_end = .
                0x08003e74                        _dmic_driver_api_ext_end = .
                0x08003e74                        _crypto_driver_api_list_start = .
 *(SORT_BY_NAME(SORT_BY_ALIGNMENT(._crypto_driver_api.static.*)))
                0x08003e74                        _crypto_driver_api_list_end = .
                0x08003e74                        _crypto_driver_api_ext_end = .
                0x08003e74                        _adc_driver_api_list_start = .
 *(SORT_BY_NAME(SORT_BY_ALIGNMENT(._adc_driver_api.static.*)))
                0x08003e74                        _adc_driver_api_list_end = .
                0x08003e74                        _adc_driver_api_ext_end = .
                0x08003e74                        _auxdisplay_driver_api_list_start = .
 *(SORT_BY_NAME(SORT_BY_ALIGNMENT(._auxdisplay_driver_api.static.*)))
                0x08003e74                        _auxdisplay_driver_api_list_end = .
                0x08003e74                        _auxdisplay_driver_api_ext_end = .
                0x08003e74                        _bbram_driver_api_list_start = .
 *(SORT_BY_NAME(SORT_BY_ALIGNMENT(._bbram_driver_api.static.*)))
                0x08003e74                        _bbram_driver_api_list_end = .
                0x08003e74                        _bbram_driver_api_ext_end = .
                0x08003e74                        _biometric_driver_api_list_start = .
 *(SORT_BY_NAME(SORT_BY_ALIGNMENT(._biometric_driver_api.static.*)))
                0x08003e74                        _biometric_driver_api_list_end = .
                0x08003e74                        _biometric_driver_api_ext_end = .
                0x08003e74                        _bt_hci_driver_api_list_start = .
 *(SORT_BY_NAME(SORT_BY_ALIGNMENT(._bt_hci_driver_api.static.*)))
                0x08003e74                        _bt_hci_driver_api_list_end = .
                0x08003e74                        _bt_hci_driver_api_ext_end = .
                0x08003e74                        _buzzer_driver_api_list_start = .
 *(SORT_BY_NAME(SORT_BY_ALIGNMENT(._buzzer_driver_api.static.*)))
                0x08003e74                        _buzzer_driver_api_list_end = .
                0x08003e74                        _buzzer_driver_api_ext_end = .
                0x08003e74                        _can_driver_api_list_start = .
 *(SORT_BY_NAME(SORT_BY_ALIGNMENT(._can_driver_api.static.*)))
                0x08003e74                        _can_driver_api_list_end = .
                0x08003e74                        _can_driver_api_ext_end = .
                0x08003e74                        _cellular_driver_api_list_start = .
 *(SORT_BY_NAME(SORT_BY_ALIGNMENT(._cellular_driver_api.static.*)))
                0x08003e74                        _cellular_driver_api_list_end = .
                0x08003e74                        _cellular_driver_api_ext_end = .
                0x08003e74                        _charger_driver_api_list_start = .
 *(SORT_BY_NAME(SORT_BY_ALIGNMENT(._charger_driver_api.static.*)))
                0x08003e74                        _charger_driver_api_list_end = .
                0x08003e74                        _charger_driver_api_ext_end = .
                0x08003e74                        _clock_control_driver_api_list_start = .
 *(SORT_BY_NAME(SORT_BY_ALIGNMENT(._clock_control_driver_api.static.*)))
 ._clock_control_driver_api.static.stm32_clock_control_api_
                0x08003e74       0x1c zephyr/drivers/clock_control/libdrivers__clock_control.a(clock_stm32_ll_h7.c.obj)
                0x08003e90                        _clock_control_driver_api_list_end = .
                0x08003e90                        _nrf_clock_control_driver_api_list_start = .
 *(SORT_BY_NAME(SORT_BY_ALIGNMENT(._nrf_clock_control_driver_api.static.*)))
                0x08003e90                        _nrf_clock_control_driver_api_list_end = .
                0x08003e90                        _nrf_clock_control_driver_api_ext_end = .
                0x08003e90                        _clock_control_driver_api_ext_end = .
                0x08003e90                        _clock_monitor_driver_api_list_start = .
 *(SORT_BY_NAME(SORT_BY_ALIGNMENT(._clock_monitor_driver_api.static.*)))
                0x08003e90                        _clock_monitor_driver_api_list_end = .
                0x08003e90                        _clock_monitor_driver_api_ext_end = .
                0x08003e90                        _comparator_driver_api_list_start = .
 *(SORT_BY_NAME(SORT_BY_ALIGNMENT(._comparator_driver_api.static.*)))
                0x08003e90                        _comparator_driver_api_list_end = .
                0x08003e90                        _comparator_driver_api_ext_end = .
                0x08003e90                        _coredump_driver_api_list_start = .
 *(SORT_BY_NAME(SORT_BY_ALIGNMENT(._coredump_driver_api.static.*)))
                0x08003e90                        _coredump_driver_api_list_end = .
                0x08003e90                        _coredump_driver_api_ext_end = .
                0x08003e90                        _counter_driver_api_list_start = .
 *(SORT_BY_NAME(SORT_BY_ALIGNMENT(._counter_driver_api.static.*)))
                0x08003e90                        _counter_driver_api_list_end = .
                0x08003e90                        _counter_driver_api_ext_end = .
                0x08003e90                        _crc_driver_api_list_start = .
 *(SORT_BY_NAME(SORT_BY_ALIGNMENT(._crc_driver_api.static.*)))
                0x08003e90                        _crc_driver_api_list_end = .
                0x08003e90                        _crc_driver_api_ext_end = .
                0x08003e90                        _dac_driver_api_list_start = .
 *(SORT_BY_NAME(SORT_BY_ALIGNMENT(._dac_driver_api.static.*)))
                0x08003e90                        _dac_driver_api_list_end = .
                0x08003e90                        _dac_driver_api_ext_end = .
                0x08003e90                        _dai_driver_api_list_start = .
 *(SORT_BY_NAME(SORT_BY_ALIGNMENT(._dai_driver_api.static.*)))
                0x08003e90                        _dai_driver_api_list_end = .
                0x08003e90                        _dai_driver_api_ext_end = .
                0x08003e90                        _dali_driver_api_list_start = .
 *(SORT_BY_NAME(SORT_BY_ALIGNMENT(._dali_driver_api.static.*)))
                0x08003e90                        _dali_driver_api_list_end = .
                0x08003e90                        _dali_driver_api_ext_end = .
                0x08003e90                        _display_driver_api_list_start = .
 *(SORT_BY_NAME(SORT_BY_ALIGNMENT(._display_driver_api.static.*)))
                0x08003e90                        _display_driver_api_list_end = .
                0x08003e90                        _display_driver_api_ext_end = .
                0x08003e90                        _dma_driver_api_list_start = .
 *(SORT_BY_NAME(SORT_BY_ALIGNMENT(._dma_driver_api.static.*)))
                0x08003e90                        _dma_driver_api_list_end = .
                0x08003e90                        _dma_driver_api_ext_end = .
                0x08003e90                        _edac_driver_api_list_start = .
 *(SORT_BY_NAME(SORT_BY_ALIGNMENT(._edac_driver_api.static.*)))
                0x08003e90                        _edac_driver_api_list_end = .
                0x08003e90                        _edac_driver_api_ext_end = .
                0x08003e90                        _eeprom_driver_api_list_start = .
 *(SORT_BY_NAME(SORT_BY_ALIGNMENT(._eeprom_driver_api.static.*)))
                0x08003e90                        _eeprom_driver_api_list_end = .
                0x08003e90                        _eeprom_driver_api_ext_end = .
                0x08003e90                        _emul_bbram_driver_api_list_start = .
 *(SORT_BY_NAME(SORT_BY_ALIGNMENT(._emul_bbram_driver_api.static.*)))
                0x08003e90                        _emul_bbram_driver_api_list_end = .
                0x08003e90                        _emul_bbram_driver_api_ext_end = .
                0x08003e90                        _fuel_gauge_emul_driver_api_list_start = .
 *(SORT_BY_NAME(SORT_BY_ALIGNMENT(._fuel_gauge_emul_driver_api.static.*)))
                0x08003e90                        _fuel_gauge_emul_driver_api_list_end = .
                0x08003e90                        _fuel_gauge_emul_driver_api_ext_end = .
                0x08003e90                        _emul_sensor_driver_api_list_start = .
 *(SORT_BY_NAME(SORT_BY_ALIGNMENT(._emul_sensor_driver_api.static.*)))
                0x08003e90                        _emul_sensor_driver_api_list_end = .
                0x08003e90                        _emul_sensor_driver_api_ext_end = .
                0x08003e90                        _entropy_driver_api_list_start = .
 *(SORT_BY_NAME(SORT_BY_ALIGNMENT(._entropy_driver_api.static.*)))
                0x08003e90                        _entropy_driver_api_list_end = .
                0x08003e90                        _entropy_driver_api_ext_end = .
                0x08003e90                        _espi_driver_api_list_start = .
 *(SORT_BY_NAME(SORT_BY_ALIGNMENT(._espi_driver_api.static.*)))
                0x08003e90                        _espi_driver_api_list_end = .
                0x08003e90                        _emul_espi_driver_api_list_start = .
 *(SORT_BY_NAME(SORT_BY_ALIGNMENT(._emul_espi_driver_api.static.*)))
                0x08003e90                        _emul_espi_driver_api_list_end = .
                0x08003e90                        _emul_espi_driver_api_ext_end = .
                0x08003e90                        _espi_driver_api_ext_end = .
                0x08003e90                        _espi_saf_driver_api_list_start = .
 *(SORT_BY_NAME(SORT_BY_ALIGNMENT(._espi_saf_driver_api.static.*)))
                0x08003e90                        _espi_saf_driver_api_list_end = .
                0x08003e90                        _espi_saf_driver_api_ext_end = .
                0x08003e90                        _flash_driver_api_list_start = .
 *(SORT_BY_NAME(SORT_BY_ALIGNMENT(._flash_driver_api.static.*)))
                0x08003e90                        _flash_driver_api_list_end = .
                0x08003e90                        _flash_driver_api_ext_end = .
                0x08003e90                        _fpga_driver_api_list_start = .
 *(SORT_BY_NAME(SORT_BY_ALIGNMENT(._fpga_driver_api.static.*)))
                0x08003e90                        _fpga_driver_api_list_end = .
                0x08003e90                        _fpga_driver_api_ext_end = .
                0x08003e90                        _fuel_gauge_driver_api_list_start = .
 *(SORT_BY_NAME(SORT_BY_ALIGNMENT(._fuel_gauge_driver_api.static.*)))
                0x08003e90                        _fuel_gauge_driver_api_list_end = .
                0x08003e90                        _fuel_gauge_driver_api_ext_end = .
                0x08003e90                        _gnss_driver_api_list_start = .
 *(SORT_BY_NAME(SORT_BY_ALIGNMENT(._gnss_driver_api.static.*)))
                0x08003e90                        _gnss_driver_api_list_end = .
                0x08003e90                        _gnss_driver_api_ext_end = .
                0x08003e90                        _gpio_driver_api_list_start = .
 *(SORT_BY_NAME(SORT_BY_ALIGNMENT(._gpio_driver_api.static.*)))
 ._gpio_driver_api.static.dummy_gpio_api_
                0x08003e90       0x24 zephyr/libzephyr.a(gpioport_mgr.c.obj)
                0x08003eb4                        _gpio_driver_api_list_end = .
                0x08003eb4                        _gpio_driver_api_ext_end = .
                0x08003eb4                        _haptics_driver_api_list_start = .
 *(SORT_BY_NAME(SORT_BY_ALIGNMENT(._haptics_driver_api.static.*)))
                0x08003eb4                        _haptics_driver_api_list_end = .
                0x08003eb4                        _haptics_driver_api_ext_end = .
                0x08003eb4                        _hwspinlock_driver_api_list_start = .
 *(SORT_BY_NAME(SORT_BY_ALIGNMENT(._hwspinlock_driver_api.static.*)))
                0x08003eb4                        _hwspinlock_driver_api_list_end = .
                0x08003eb4                        _hwspinlock_driver_api_ext_end = .
                0x08003eb4                        _i2c_driver_api_list_start = .
 *(SORT_BY_NAME(SORT_BY_ALIGNMENT(._i2c_driver_api.static.*)))
                0x08003eb4                        _i2c_driver_api_list_end = .
                0x08003eb4                        _i3c_driver_api_list_start = .
 *(SORT_BY_NAME(SORT_BY_ALIGNMENT(._i3c_driver_api.static.*)))
                0x08003eb4                        _i3c_driver_api_list_end = .
                0x08003eb4                        _i3c_driver_api_ext_end = .
                0x08003eb4                        _i2c_driver_api_ext_end = .
                0x08003eb4                        _i2c_target_driver_api_list_start = .
 *(SORT_BY_NAME(SORT_BY_ALIGNMENT(._i2c_target_driver_api.static.*)))
                0x08003eb4                        _i2c_target_driver_api_list_end = .
                0x08003eb4                        _i2c_target_driver_api_ext_end = .
                0x08003eb4                        _i2s_driver_api_list_start = .
 *(SORT_BY_NAME(SORT_BY_ALIGNMENT(._i2s_driver_api.static.*)))
                0x08003eb4                        _i2s_driver_api_list_end = .
                0x08003eb4                        _i2s_driver_api_ext_end = .
                0x08003eb4                        _ipm_driver_api_list_start = .
 *(SORT_BY_NAME(SORT_BY_ALIGNMENT(._ipm_driver_api.static.*)))
                0x08003eb4                        _ipm_driver_api_list_end = .
                0x08003eb4                        _ipm_driver_api_ext_end = .
                0x08003eb4                        _led_driver_api_list_start = .
 *(SORT_BY_NAME(SORT_BY_ALIGNMENT(._led_driver_api.static.*)))
                0x08003eb4                        _led_driver_api_list_end = .
                0x08003eb4                        _led_driver_api_ext_end = .
                0x08003eb4                        _led_strip_driver_api_list_start = .
 *(SORT_BY_NAME(SORT_BY_ALIGNMENT(._led_strip_driver_api.static.*)))
                0x08003eb4                        _led_strip_driver_api_list_end = .
                0x08003eb4                        _led_strip_driver_api_ext_end = .
                0x08003eb4                        _lora_driver_api_list_start = .
 *(SORT_BY_NAME(SORT_BY_ALIGNMENT(._lora_driver_api.static.*)))
                0x08003eb4                        _lora_driver_api_list_end = .
                0x08003eb4                        _lora_driver_api_ext_end = .
                0x08003eb4                        _mbox_driver_api_list_start = .
 *(SORT_BY_NAME(SORT_BY_ALIGNMENT(._mbox_driver_api.static.*)))
                0x08003eb4                        _mbox_driver_api_list_end = .
                0x08003eb4                        _mbox_driver_api_ext_end = .
                0x08003eb4                        _mdio_driver_api_list_start = .
 *(SORT_BY_NAME(SORT_BY_ALIGNMENT(._mdio_driver_api.static.*)))
                0x08003eb4                        _mdio_driver_api_list_end = .
                0x08003eb4                        _mdio_driver_api_ext_end = .
                0x08003eb4                        _memc_driver_api_list_start = .
 *(SORT_BY_NAME(SORT_BY_ALIGNMENT(._memc_driver_api.static.*)))
                0x08003eb4                        _memc_driver_api_list_end = .
                0x08003eb4                        _memc_driver_api_ext_end = .
                0x08003eb4                        _mipi_dbi_driver_api_list_start = .
 *(SORT_BY_NAME(SORT_BY_ALIGNMENT(._mipi_dbi_driver_api.static.*)))
                0x08003eb4                        _mipi_dbi_driver_api_list_end = .
                0x08003eb4                        _mipi_dbi_driver_api_ext_end = .
                0x08003eb4                        _mipi_dsi_driver_api_list_start = .
 *(SORT_BY_NAME(SORT_BY_ALIGNMENT(._mipi_dsi_driver_api.static.*)))
                0x08003eb4                        _mipi_dsi_driver_api_list_end = .
                0x08003eb4                        _mipi_dsi_driver_api_ext_end = .
                0x08003eb4                        _mspi_driver_api_list_start = .
 *(SORT_BY_NAME(SORT_BY_ALIGNMENT(._mspi_driver_api.static.*)))
                0x08003eb4                        _mspi_driver_api_list_end = .
                0x08003eb4                        _emul_mspi_driver_api_list_start = .
 *(SORT_BY_NAME(SORT_BY_ALIGNMENT(._emul_mspi_driver_api.static.*)))
                0x08003eb4                        _emul_mspi_driver_api_list_end = .
                0x08003eb4                        _emul_mspi_driver_api_ext_end = .
                0x08003eb4                        _mspi_driver_api_ext_end = .
                0x08003eb4                        _opamp_driver_api_list_start = .
 *(SORT_BY_NAME(SORT_BY_ALIGNMENT(._opamp_driver_api.static.*)))
                0x08003eb4                        _opamp_driver_api_list_end = .
                0x08003eb4                        _opamp_driver_api_ext_end = .
                0x08003eb4                        _otp_driver_api_list_start = .
 *(SORT_BY_NAME(SORT_BY_ALIGNMENT(._otp_driver_api.static.*)))
                0x08003eb4                        _otp_driver_api_list_end = .
                0x08003eb4                        _otp_driver_api_ext_end = .
                0x08003eb4                        _peci_driver_api_list_start = .
 *(SORT_BY_NAME(SORT_BY_ALIGNMENT(._peci_driver_api.static.*)))
                0x08003eb4                        _peci_driver_api_list_end = .
                0x08003eb4                        _peci_driver_api_ext_end = .
                0x08003eb4                        _ps2_driver_api_list_start = .
 *(SORT_BY_NAME(SORT_BY_ALIGNMENT(._ps2_driver_api.static.*)))
                0x08003eb4                        _ps2_driver_api_list_end = .
                0x08003eb4                        _ps2_driver_api_ext_end = .
                0x08003eb4                        _ptp_clock_driver_api_list_start = .
 *(SORT_BY_NAME(SORT_BY_ALIGNMENT(._ptp_clock_driver_api.static.*)))
                0x08003eb4                        _ptp_clock_driver_api_list_end = .
                0x08003eb4                        _ptp_clock_driver_api_ext_end = .
                0x08003eb4                        _pwm_driver_api_list_start = .
 *(SORT_BY_NAME(SORT_BY_ALIGNMENT(._pwm_driver_api.static.*)))
                0x08003eb4                        _pwm_driver_api_list_end = .
                0x08003eb4                        _pwm_driver_api_ext_end = .
                0x08003eb4                        _regulator_parent_driver_api_list_start = .
 *(SORT_BY_NAME(SORT_BY_ALIGNMENT(._regulator_parent_driver_api.static.*)))
                0x08003eb4                        _regulator_parent_driver_api_list_end = .
                0x08003eb4                        _regulator_parent_driver_api_ext_end = .
                0x08003eb4                        _regulator_driver_api_list_start = .
 *(SORT_BY_NAME(SORT_BY_ALIGNMENT(._regulator_driver_api.static.*)))
                0x08003eb4                        _regulator_driver_api_list_end = .
                0x08003eb4                        _regulator_driver_api_ext_end = .
                0x08003eb4                        _retained_mem_driver_api_list_start = .
 *(SORT_BY_NAME(SORT_BY_ALIGNMENT(._retained_mem_driver_api.static.*)))
                0x08003eb4                        _retained_mem_driver_api_list_end = .
                0x08003eb4                        _retained_mem_driver_api_ext_end = .
                0x08003eb4                        _rtc_driver_api_list_start = .
 *(SORT_BY_NAME(SORT_BY_ALIGNMENT(._rtc_driver_api.static.*)))
                0x08003eb4                        _rtc_driver_api_list_end = .
                0x08003eb4                        _rtc_driver_api_ext_end = .
                0x08003eb4                        _sdhc_driver_api_list_start = .
 *(SORT_BY_NAME(SORT_BY_ALIGNMENT(._sdhc_driver_api.static.*)))
                0x08003eb4                        _sdhc_driver_api_list_end = .
                0x08003eb4                        _sdhc_driver_api_ext_end = .
                0x08003eb4                        _sensor_driver_api_list_start = .
 *(SORT_BY_NAME(SORT_BY_ALIGNMENT(._sensor_driver_api.static.*)))
                0x08003eb4                        _sensor_driver_api_list_end = .
                0x08003eb4                        _sensor_driver_api_ext_end = .
                0x08003eb4                        _smbus_driver_api_list_start = .
 *(SORT_BY_NAME(SORT_BY_ALIGNMENT(._smbus_driver_api.static.*)))
                0x08003eb4                        _smbus_driver_api_list_end = .
                0x08003eb4                        _smbus_driver_api_ext_end = .
                0x08003eb4                        _spi_driver_api_list_start = .
 *(SORT_BY_NAME(SORT_BY_ALIGNMENT(._spi_driver_api.static.*)))
                0x08003eb4                        _spi_driver_api_list_end = .
                0x08003eb4                        _spi_driver_api_ext_end = .
                0x08003eb4                        _syscon_driver_api_list_start = .
 *(SORT_BY_NAME(SORT_BY_ALIGNMENT(._syscon_driver_api.static.*)))
                0x08003eb4                        _syscon_driver_api_list_end = .
                0x08003eb4                        _syscon_driver_api_ext_end = .
                0x08003eb4                        _tee_driver_api_list_start = .
 *(SORT_BY_NAME(SORT_BY_ALIGNMENT(._tee_driver_api.static.*)))
                0x08003eb4                        _tee_driver_api_list_end = .
                0x08003eb4                        _tee_driver_api_ext_end = .
                0x08003eb4                        _tgpio_driver_api_list_start = .
 *(SORT_BY_NAME(SORT_BY_ALIGNMENT(._tgpio_driver_api.static.*)))
                0x08003eb4                        _tgpio_driver_api_list_end = .
                0x08003eb4                        _tgpio_driver_api_ext_end = .
                0x08003eb4                        _uaol_driver_api_list_start = .
 *(SORT_BY_NAME(SORT_BY_ALIGNMENT(._uaol_driver_api.static.*)))
                0x08003eb4                        _uaol_driver_api_list_end = .
                0x08003eb4                        _uaol_driver_api_ext_end = .
                0x08003eb4                        _video_driver_api_list_start = .
 *(SORT_BY_NAME(SORT_BY_ALIGNMENT(._video_driver_api.static.*)))
                0x08003eb4                        _video_driver_api_list_end = .
                0x08003eb4                        _video_driver_api_ext_end = .
                0x08003eb4                        _virtio_driver_api_list_start = .
 *(SORT_BY_NAME(SORT_BY_ALIGNMENT(._virtio_driver_api.static.*)))
                0x08003eb4                        _virtio_driver_api_list_end = .
                0x08003eb4                        _virtio_driver_api_ext_end = .
                0x08003eb4                        _w1_driver_api_list_start = .
 *(SORT_BY_NAME(SORT_BY_ALIGNMENT(._w1_driver_api.static.*)))
                0x08003eb4                        _w1_driver_api_list_end = .
                0x08003eb4                        _w1_driver_api_ext_end = .
                0x08003eb4                        _wdt_driver_api_list_start = .
 *(SORT_BY_NAME(SORT_BY_ALIGNMENT(._wdt_driver_api.static.*)))
                0x08003eb4                        _wdt_driver_api_list_end = .
                0x08003eb4                        _wdt_driver_api_ext_end = .
                0x08003eb4                        _wuc_driver_api_list_start = .
 *(SORT_BY_NAME(SORT_BY_ALIGNMENT(._wuc_driver_api.static.*)))
                0x08003eb4                        _wuc_driver_api_list_end = .
                0x08003eb4                        _wuc_driver_api_ext_end = .
                0x08003eb4                        _can_transceiver_driver_api_list_start = .
 *(SORT_BY_NAME(SORT_BY_ALIGNMENT(._can_transceiver_driver_api.static.*)))
                0x08003eb4                        _can_transceiver_driver_api_list_end = .
                0x08003eb4                        _can_transceiver_driver_api_ext_end = .
                0x08003eb4                        _i3c_target_driver_api_list_start = .
 *(SORT_BY_NAME(SORT_BY_ALIGNMENT(._i3c_target_driver_api.static.*)))
                0x08003eb4                        _i3c_target_driver_api_list_end = .
                0x08003eb4                        _i3c_target_driver_api_ext_end = .
                0x08003eb4                        _its_driver_api_list_start = .
 *(SORT_BY_NAME(SORT_BY_ALIGNMENT(._its_driver_api.static.*)))
                0x08003eb4                        _its_driver_api_list_end = .
                0x08003eb4                        _its_driver_api_ext_end = .
                0x08003eb4                        _vtd_driver_api_list_start = .
 *(SORT_BY_NAME(SORT_BY_ALIGNMENT(._vtd_driver_api.static.*)))
                0x08003eb4                        _vtd_driver_api_list_end = .
                0x08003eb4                        _vtd_driver_api_ext_end = .
                0x08003eb4                        _renesas_elc_driver_api_list_start = .
 *(SORT_BY_NAME(SORT_BY_ALIGNMENT(._renesas_elc_driver_api.static.*)))
                0x08003eb4                        _renesas_elc_driver_api_list_end = .
                0x08003eb4                        _renesas_elc_driver_api_ext_end = .
                0x08003eb4                        _pcie_ctrl_driver_api_list_start = .
 *(SORT_BY_NAME(SORT_BY_ALIGNMENT(._pcie_ctrl_driver_api.static.*)))
                0x08003eb4                        _pcie_ctrl_driver_api_list_end = .
                0x08003eb4                        _pcie_ctrl_driver_api_ext_end = .
                0x08003eb4                        _pcie_ep_driver_api_list_start = .
 *(SORT_BY_NAME(SORT_BY_ALIGNMENT(._pcie_ep_driver_api.static.*)))
                0x08003eb4                        _pcie_ep_driver_api_list_end = .
                0x08003eb4                        _pcie_ep_driver_api_ext_end = .
                0x08003eb4                        _psi5_driver_api_list_start = .
 *(SORT_BY_NAME(SORT_BY_ALIGNMENT(._psi5_driver_api.static.*)))
                0x08003eb4                        _psi5_driver_api_list_end = .
                0x08003eb4                        _psi5_driver_api_ext_end = .
                0x08003eb4                        _sent_driver_api_list_start = .
 *(SORT_BY_NAME(SORT_BY_ALIGNMENT(._sent_driver_api.static.*)))
                0x08003eb4                        _sent_driver_api_list_end = .
                0x08003eb4                        _sent_driver_api_ext_end = .
                0x08003eb4                        _svc_driver_api_list_start = .
 *(SORT_BY_NAME(SORT_BY_ALIGNMENT(._svc_driver_api.static.*)))
                0x08003eb4                        _svc_driver_api_list_end = .
                0x08003eb4                        _svc_driver_api_ext_end = .
                0x08003eb4                        _stepper_driver_api_list_start = .
 *(SORT_BY_NAME(SORT_BY_ALIGNMENT(._stepper_driver_api.static.*)))
                0x08003eb4                        _stepper_driver_api_list_end = .
                0x08003eb4                        _stepper_driver_api_ext_end = .
                0x08003eb4                        _stepper_ctrl_driver_api_list_start = .
 *(SORT_BY_NAME(SORT_BY_ALIGNMENT(._stepper_ctrl_driver_api.static.*)))
                0x08003eb4                        _stepper_ctrl_driver_api_list_end = .
                0x08003eb4                        _stepper_ctrl_driver_api_ext_end = .
                0x08003eb4                        _uart_driver_api_list_start = .
 *(SORT_BY_NAME(SORT_BY_ALIGNMENT(._uart_driver_api.static.*)))
 ._uart_driver_api.static.uart_stm32_driver_api_
                0x08003eb4       0x14 zephyr/drivers/serial/libdrivers__serial.a(uart_stm32.c.obj)
                0x08003ec8                        _uart_driver_api_list_end = .
                0x08003ec8                        _uart_driver_api_ext_end = .
                0x08003ec8                        _bc12_emul_driver_api_list_start = .
 *(SORT_BY_NAME(SORT_BY_ALIGNMENT(._bc12_emul_driver_api.static.*)))
                0x08003ec8                        _bc12_emul_driver_api_list_end = .
                0x08003ec8                        _bc12_emul_driver_api_ext_end = .
                0x08003ec8                        _bc12_driver_api_list_start = .
 *(SORT_BY_NAME(SORT_BY_ALIGNMENT(._bc12_driver_api.static.*)))
                0x08003ec8                        _bc12_driver_api_list_end = .
                0x08003ec8                        _bc12_driver_api_ext_end = .
                0x08003ec8                        _usbc_ppc_driver_api_list_start = .
 *(SORT_BY_NAME(SORT_BY_ALIGNMENT(._usbc_ppc_driver_api.static.*)))
                0x08003ec8                        _usbc_ppc_driver_api_list_end = .
                0x08003ec8                        _usbc_ppc_driver_api_ext_end = .
                0x08003ec8                        _tcpc_driver_api_list_start = .
 *(SORT_BY_NAME(SORT_BY_ALIGNMENT(._tcpc_driver_api.static.*)))
                0x08003ec8                        _tcpc_driver_api_list_end = .
                0x08003ec8                        _tcpc_driver_api_ext_end = .
                0x08003ec8                        _usbc_vbus_driver_api_list_start = .
 *(SORT_BY_NAME(SORT_BY_ALIGNMENT(._usbc_vbus_driver_api.static.*)))
                0x08003ec8                        _usbc_vbus_driver_api_list_end = .
                0x08003ec8                        _usbc_vbus_driver_api_ext_end = .
                0x08003ec8                        _ivshmem_driver_api_list_start = .
 *(SORT_BY_NAME(SORT_BY_ALIGNMENT(._ivshmem_driver_api.static.*)))
                0x08003ec8                        _ivshmem_driver_api_list_end = .
                0x08003ec8                        _ivshmem_driver_api_ext_end = .
                0x08003ec8                        _ethphy_driver_api_list_start = .
 *(SORT_BY_NAME(SORT_BY_ALIGNMENT(._ethphy_driver_api.static.*)))
                0x08003ec8                        _ethphy_driver_api_list_end = .
                0x08003ec8                        _ethphy_driver_api_ext_end = .

ztest           0x08003ec8        0x0
                0x08003ec8                        _ztest_expected_result_entry_list_start = .
 *(SORT_BY_NAME(SORT_BY_ALIGNMENT(._ztest_expected_result_entry.static.*)))
                0x08003ec8                        _ztest_expected_result_entry_list_end = .
                0x08003ec8                        _ztest_suite_node_list_start = .
 *(SORT_BY_NAME(SORT_BY_ALIGNMENT(._ztest_suite_node.static.*)))
                0x08003ec8                        _ztest_suite_node_list_end = .
                0x08003ec8                        _ztest_unit_test_list_start = .
 *(SORT_BY_NAME(SORT_BY_ALIGNMENT(._ztest_unit_test.static.*)))
                0x08003ec8                        _ztest_unit_test_list_end = .
                0x08003ec8                        _ztest_param_inst_list_start = .
 *(SORT_BY_NAME(SORT_BY_ALIGNMENT(._ztest_param_inst.static.*)))
                0x08003ec8                        _ztest_param_inst_list_end = .
                0x08003ec8                        _ztest_test_rule_list_start = .
 *(SORT_BY_NAME(SORT_BY_ALIGNMENT(._ztest_test_rule.static.*)))
                0x08003ec8                        _ztest_test_rule_list_end = .

init_array      0x08003ec8        0x0
                0x08003ec8                        __zephyr_init_array_start = .
 *(SORT_BY_INIT_PRIORITY(.init_array.*) SORT_BY_INIT_PRIORITY(.ctors.*))
 *(SORT_BY_ALIGNMENT(.init_array) SORT_BY_ALIGNMENT(.ctors))
                0x08003ec8                        __zephyr_init_array_end = .
                0x00000001                        ASSERT ((__zephyr_init_array_start == __zephyr_init_array_end), GNU-style constructors required but STATIC_INIT_GNU not enabled)

bt_l2cap_fixed_chan_area
                0x08003ec8        0x0
                0x08003ec8                        _bt_l2cap_fixed_chan_list_start = .
 *(SORT_BY_NAME(SORT_BY_ALIGNMENT(._bt_l2cap_fixed_chan.static.*)))
                0x08003ec8                        _bt_l2cap_fixed_chan_list_end = .

bt_gatt_service_static_area
                0x08003ec8        0x0
                0x08003ec8                        _bt_gatt_service_static_list_start = .
 *(SORT_BY_NAME(SORT_BY_ALIGNMENT(._bt_gatt_service_static.static.*)))
                0x08003ec8                        _bt_gatt_service_static_list_end = .

log_strings_area
                0x08003ec8        0x0
                0x08003ec8                        _log_strings_list_start = .
 *(SORT_BY_NAME(SORT_BY_ALIGNMENT(._log_strings.static.*)))
                0x08003ec8                        _log_strings_list_end = .

log_stmesp_ptr_area
                0x08003ec8        0x0
                0x08003ec8                        _log_stmesp_ptr_list_start = .
 *(SORT_BY_NAME(SORT_BY_ALIGNMENT(._log_stmesp_ptr.static.*)))
                0x08003ec8                        _log_stmesp_ptr_list_end = .

log_stmesp_str_area
                0x08003ec8        0x0
                0x08003ec8                        _log_stmesp_str_list_start = .
 *(SORT_BY_NAME(SORT_BY_ALIGNMENT(._log_stmesp_str.static.*)))
                0x08003ec8                        _log_stmesp_str_list_end = .

log_const_area  0x08003ec8        0x0
                0x08003ec8                        _log_const_list_start = .
 *(SORT_BY_NAME(SORT_BY_ALIGNMENT(._log_const.static.*)))
                0x08003ec8                        _log_const_list_end = .

log_backend_area
                0x08003ec8        0x0
                0x08003ec8                        _log_backend_list_start = .
 *(SORT_BY_NAME(SORT_BY_ALIGNMENT(._log_backend.static.*)))
                0x08003ec8                        _log_backend_list_end = .

log_link_area   0x08003ec8        0x0
                0x08003ec8                        _log_link_list_start = .
 *(SORT_BY_NAME(SORT_BY_ALIGNMENT(._log_link.static.*)))
                0x08003ec8                        _log_link_list_end = .

tracing_backend_area
                0x08003ec8        0x0
                0x08003ec8                        _tracing_backend_list_start = .
 *(SORT_BY_NAME(SORT_BY_ALIGNMENT(._tracing_backend.static.*)))
                0x08003ec8                        _tracing_backend_list_end = .

zephyr_dbg_info
 *(SORT_BY_ALIGNMENT(.dbg_thread_info))

intc_table_area
                0x08003ec8        0x0
                0x08003ec8                        _intc_table_list_start = .
 *(SORT_BY_NAME(SORT_BY_ALIGNMENT(._intc_table.static.*)))
                0x08003ec8                        _intc_table_list_end = .

symbol_to_keep  0x08003ec8        0x0
                0x08003ec8                        __symbol_to_keep_start = .
 *(SORT_BY_NAME(SORT_BY_ALIGNMENT(.symbol_to_keep*)))
                0x08003ec8                        __symbol_to_keep_end = .

shell_area      0x08003ec8        0x0
                0x08003ec8                        _shell_list_start = .
 *(SORT_BY_NAME(SORT_BY_ALIGNMENT(._shell.static.*)))
                0x08003ec8                        _shell_list_end = .

shell_root_cmds_area
                0x08003ec8        0x0
                0x08003ec8                        _shell_root_cmds_list_start = .
 *(SORT_BY_NAME(SORT_BY_ALIGNMENT(._shell_root_cmds.static.*)))
                0x08003ec8                        _shell_root_cmds_list_end = .

shell_subcmds_area
                0x08003ec8        0x0
                0x08003ec8                        _shell_subcmds_list_start = .
 *(SORT_BY_NAME(SORT_BY_ALIGNMENT(._shell_subcmds.static.*)))
                0x08003ec8                        _shell_subcmds_list_end = .

shell_dynamic_subcmds_area
                0x08003ec8        0x0
                0x08003ec8                        _shell_dynamic_subcmds_list_start = .
 *(SORT_BY_NAME(SORT_BY_ALIGNMENT(._shell_dynamic_subcmds.static.*)))
                0x08003ec8                        _shell_dynamic_subcmds_list_end = .

shell_remote_area
                0x08003ec8        0x0
                0x08003ec8                        _shell_remote_list_start = .
 *(SORT_BY_NAME(SORT_BY_ALIGNMENT(._shell_remote.static.*)))
                0x08003ec8                        _shell_remote_list_end = .

cfb_font_area   0x08003ec8        0x0
                0x08003ec8                        _cfb_font_list_start = .
 *(SORT_BY_NAME(SORT_BY_ALIGNMENT(._cfb_font.static.*)))
                0x08003ec8                        _cfb_font_list_end = .

tdata           0x08003ec8        0x0
 *(SORT_BY_ALIGNMENT(.tdata) SORT_BY_ALIGNMENT(.tdata.*) SORT_BY_ALIGNMENT(.gnu.linkonce.td.*))

tbss            0x08003ec8        0x4
 *(SORT_BY_ALIGNMENT(.tbss) SORT_BY_ALIGNMENT(.tbss.*) SORT_BY_ALIGNMENT(.gnu.linkonce.tb.*) SORT_BY_ALIGNMENT(.tcommon))
 .tbss.z_tls_current
                0x08003ec8        0x4 zephyr/libzephyr.a(thread_entry.c.obj)
                0x08003ec8                z_tls_current
                0x08003ec8                        PROVIDE (__tdata_start = LOADADDR (tdata))
                0x00000001                        PROVIDE (__tdata_align = ALIGNOF (tdata))
                0x00000000                        PROVIDE (__tdata_size = (((SIZEOF (tdata) + __tdata_align) - 0x1) & ~ ((__tdata_align - 0x1))))
                [!provide]                        PROVIDE (__tdata_end = (__tdata_start + __tdata_size))
                0x00000004                        PROVIDE (__tbss_align = ALIGNOF (tbss))
                [!provide]                        PROVIDE (__tbss_start = ADDR (tbss))
                0x00000004                        PROVIDE (__tbss_size = (((SIZEOF (tbss) + __tbss_align) - 0x1) & ~ ((__tbss_align - 0x1))))
                [!provide]                        PROVIDE (__tbss_end = (__tbss_start + __tbss_size))
                [!provide]                        PROVIDE (__tls_start = __tdata_start)
                [!provide]                        PROVIDE (__tls_size = (__tbss_end - __tdata_start))
                [!provide]                        PROVIDE (__tls_end = __tbss_end)

rodata          0x08003ec8      0x7f0
 *(SORT_BY_ALIGNMENT(.rodata))
 .rodata        0x08003ec8        0x8 zephyr/drivers/interrupt_controller/libdrivers__interrupt_controller.a(intc_exti_stm32.c.obj)
 *(SORT_BY_ALIGNMENT(.rodata.*))
 .rodata.gpio_stm32_cfg_k
                0x08003ed0       0x14 zephyr/libzephyr.a(gpioport_mgr.c.obj)
 .rodata.gpio_stm32_cfg_j
                0x08003ee4       0x14 zephyr/libzephyr.a(gpioport_mgr.c.obj)
 .rodata.gpio_stm32_cfg_i
                0x08003ef8       0x14 zephyr/libzephyr.a(gpioport_mgr.c.obj)
 .rodata.gpio_stm32_cfg_h
                0x08003f0c       0x14 zephyr/libzephyr.a(gpioport_mgr.c.obj)
 .rodata.gpio_stm32_cfg_g
                0x08003f20       0x14 zephyr/libzephyr.a(gpioport_mgr.c.obj)
 .rodata.gpio_stm32_cfg_f
                0x08003f34       0x14 zephyr/libzephyr.a(gpioport_mgr.c.obj)
 .rodata.gpio_stm32_cfg_e
                0x08003f48       0x14 zephyr/libzephyr.a(gpioport_mgr.c.obj)
 .rodata.gpio_stm32_cfg_d
                0x08003f5c       0x14 zephyr/libzephyr.a(gpioport_mgr.c.obj)
 .rodata.gpio_stm32_cfg_c
                0x08003f70       0x14 zephyr/libzephyr.a(gpioport_mgr.c.obj)
 .rodata.gpio_stm32_cfg_b
                0x08003f84       0x14 zephyr/libzephyr.a(gpioport_mgr.c.obj)
 .rodata.gpio_stm32_cfg_a
                0x08003f98       0x14 zephyr/libzephyr.a(gpioport_mgr.c.obj)
 .rodata.gpio_ports
                0x08003fac       0x2c zephyr/libzephyr.a(gpioport_mgr.c.obj)
 .rodata.mpu_config
                0x08003fd8        0x8 zephyr/libzephyr.a(mpu_regions.c.obj)
                0x08003fd8                mpu_config
 .rodata.mpu_regions
                0x08003fe0       0x3c zephyr/libzephyr.a(mpu_regions.c.obj)
 .rodata.mem_attr_region
                0x0800401c       0x10 zephyr/libzephyr.a(mem_attr.c.obj)
 .rodata.static_regions
                0x0800402c        0xc zephyr/arch/arch/arm/core/mpu/libarch__arm__core__mpu.a(arm_core_mpu.c.obj)
 .rodata.stdout
                0x08004038        0x4 zephyr/lib/libc/picolibc/liblib__libc__picolibc.a(stdio.c.obj)
                0x08004038                stdout
                0x08004038                stderr
 .rodata.reset_stm32_config
                0x0800403c        0x4 zephyr/drivers/reset/libdrivers__reset.a(reset_stm32.c.obj)
 .rodata.uart_stm32_cfg_1
                0x08004040       0x28 zephyr/drivers/serial/libdrivers__serial.a(uart_stm32.c.obj)
 .rodata.pclken_1
                0x08004068        0x8 zephyr/drivers/serial/libdrivers__serial.a(uart_stm32.c.obj)
 .rodata.__pinctrl_dev_config__device_dts_ord_112
                0x08004070        0x8 zephyr/drivers/serial/libdrivers__serial.a(uart_stm32.c.obj)
 .rodata.__pinctrl_states__device_dts_ord_112
                0x08004078        0x8 zephyr/drivers/serial/libdrivers__serial.a(uart_stm32.c.obj)
 .rodata.__pinctrl_state_pins_0__device_dts_ord_112
                0x08004080        0x8 zephyr/drivers/serial/libdrivers__serial.a(uart_stm32.c.obj)
 .rodata.uart_stm32_cfg_0
                0x08004088       0x28 zephyr/drivers/serial/libdrivers__serial.a(uart_stm32.c.obj)
 .rodata.pclken_0
                0x080040b0        0x8 zephyr/drivers/serial/libdrivers__serial.a(uart_stm32.c.obj)
 .rodata.__pinctrl_dev_config__device_dts_ord_103
                0x080040b8        0x8 zephyr/drivers/serial/libdrivers__serial.a(uart_stm32.c.obj)
 .rodata.__pinctrl_states__device_dts_ord_103
                0x080040c0        0x8 zephyr/drivers/serial/libdrivers__serial.a(uart_stm32.c.obj)
 .rodata.__pinctrl_state_pins_0__device_dts_ord_103
                0x080040c8        0x8 zephyr/drivers/serial/libdrivers__serial.a(uart_stm32.c.obj)
 .rodata.levels.0
                0x080040d0       0x18 zephyr/kernel/libkernel.a(init.c.obj)
 .rodata.LPUART_PRESCALER_TAB
                0x080040e8       0x20 zephyr/drivers/serial/libdrivers__serial.a(uart_stm32.c.obj)
 .rodata.main.str1.1
                0x08004108      0x5a1 app/libapp.a(main.c.obj)
                                 0x12 (size before relaxing)
 .rodata.boot_banner.str1.1
                0x080046a9       0x3b zephyr/libzephyr.a(boot_banner.c.obj)
 .rodata.str1.1
                0x080046a9       0x9a zephyr/libzephyr.a(gpioport_mgr.c.obj)
 .rodata.str1.1
                0x080046a9       0x2d zephyr/libzephyr.a(mpu_regions.c.obj)
 .rodata.mem_attr_get_region_index_by_name.str1.1
                0x080046a9       0x10 zephyr/libzephyr.a(mem_attr.c.obj)
 .rodata.z_arm_fatal_error.str1.1
                0x080046a9       0xb3 zephyr/arch/arch/arm/core/libarch__arm__core.a(fatal.c.obj)
 .rodata.mem_manage_fault.str1.1
                0x080046a9       0xdf zephyr/arch/arch/arm/core/cortex_m/libarch__arm__core__cortex_m.a(fault.c.obj)
 .rodata.usage_fault.isra.0.str1.1
                0x080046a9       0xd4 zephyr/arch/arch/arm/core/cortex_m/libarch__arm__core__cortex_m.a(fault.c.obj)
 .rodata.bus_fault.isra.0.str1.1
                0x080046a9       0x8e zephyr/arch/arch/arm/core/cortex_m/libarch__arm__core__cortex_m.a(fault.c.obj)
 .rodata.z_arm_fault.str1.1
                0x080046a9      0x119 zephyr/arch/arch/arm/core/cortex_m/libarch__arm__core__cortex_m.a(fault.c.obj)
 .rodata.str1.1
                0x080046a9       0x1e zephyr/drivers/interrupt_controller/libdrivers__interrupt_controller.a(intc_exti_stm32.c.obj)
 .rodata.line_range_6.0
                0x080046a9        0x2 zephyr/drivers/interrupt_controller/libdrivers__interrupt_controller.a(intc_gpio_stm32.c.obj)
 .rodata.line_range_5.1
                0x080046ab        0x2 zephyr/drivers/interrupt_controller/libdrivers__interrupt_controller.a(intc_gpio_stm32.c.obj)
 .rodata.line_range_4.2
                0x080046ad        0x2 zephyr/drivers/interrupt_controller/libdrivers__interrupt_controller.a(intc_gpio_stm32.c.obj)
 .rodata.line_range_3.3
                0x080046af        0x2 zephyr/drivers/interrupt_controller/libdrivers__interrupt_controller.a(intc_gpio_stm32.c.obj)
 .rodata.line_range_2.4
                0x080046b1        0x2 zephyr/drivers/interrupt_controller/libdrivers__interrupt_controller.a(intc_gpio_stm32.c.obj)
 .rodata.line_range_1.5
                0x080046b3        0x2 zephyr/drivers/interrupt_controller/libdrivers__interrupt_controller.a(intc_gpio_stm32.c.obj)
 .rodata.line_range_0.6
                0x080046b5        0x2 zephyr/drivers/interrupt_controller/libdrivers__interrupt_controller.a(intc_gpio_stm32.c.obj)
 .rodata.str1.1
                0x080046b7        0xd zephyr/drivers/clock_control/libdrivers__clock_control.a(clock_stm32_ll_h7.c.obj)
 .rodata.str1.1
                0x080046b7       0x11 zephyr/drivers/reset/libdrivers__reset.a(reset_stm32.c.obj)
 .rodata.str1.1
                0x080046b7       0x20 zephyr/drivers/serial/libdrivers__serial.a(uart_stm32.c.obj)
 .rodata.z_cstart.str1.1
                0x080046b7        0x5 zephyr/kernel/libkernel.a(init.c.obj)
 .rodata.__l_vfprintf.str1.1
                0x080046b7        0xf /home/jsc/zephyr-sdk-1.0.1/gnu/arm-zephyr-eabi/bin/../lib/gcc/arm-zephyr-eabi/14.3.0/../../../../arm-zephyr-eabi/lib/thumb/v7e-m/nofp/space/libc.a(libc_tinystdio_vflprintf.c.o)
 *(SORT_BY_ALIGNMENT(.gnu.linkonce.r.*))
                0x080047c4                        . = ALIGN (0x4)
 *fill*         0x080046b7        0x1 
                [!provide]                        PROVIDE (__eh_frame_start = 0x0)
                [!provide]                        PROVIDE (__eh_frame_end = 0x0)
                [!provide]                        PROVIDE (__eh_frame_hdr_start = 0x0)
                [!provide]                        PROVIDE (__eh_frame_hdr_end = 0x0)

/DISCARD/
 *(SORT_BY_ALIGNMENT(.eh_frame))
                0x080046b8                        __rodata_region_end = .
                0x080046c0                        . = ALIGN (_region_min_align)
                0x08008000                        . = ALIGN ((0x1 << LOG2CEIL ((__rodata_region_end - ADDR (rom_start)))))
                0x08008000                        __rom_region_end = ((__rom_region_start + .) - ADDR (rom_start))
                0x00008000                        __rom_region_size = (__rom_region_end - __rom_region_start)

/DISCARD/
 *(SORT_BY_ALIGNMENT(.got.plt))
 *(SORT_BY_ALIGNMENT(.igot.plt))
 *(SORT_BY_ALIGNMENT(.got))
 *(SORT_BY_ALIGNMENT(.igot))
                0x24000000                        . = 0x24000000
                0x24000000                        . = ALIGN (_region_min_align)
                0x24000000                        _image_ram_start = .

.ramfunc        0x24000000        0x0 load address 0x080046b8
                0x24000000                        __ramfunc_region_start = .
                0x24000000                        . = ALIGN (_region_min_align)
                0x24000000                        . = ALIGN ((0x1 << LOG2CEIL (__ramfunc_size)))
                0x24000000                        __ramfunc_start = .
 *(SORT_BY_ALIGNMENT(.ramfunc))
 *(SORT_BY_ALIGNMENT(.ramfunc.*))
                0x24000000                        . = ALIGN (_region_min_align)
                0x24000000                        . = ALIGN ((0x1 << LOG2CEIL (__ramfunc_size)))
                0x24000000                        __ramfunc_end = .
                0x00000000                        __ramfunc_size = (__ramfunc_end - __ramfunc_start)
                0x080046b8                        __ramfunc_load_start = LOADADDR (.ramfunc)

datas           0x24000000       0x60 load address 0x080046b8
                0x24000000                        __data_region_start = .
                0x24000000                        __data_start = .
 *(SORT_BY_ALIGNMENT(.data))
 *(SORT_BY_ALIGNMENT(.data.*))
 .data._char_out
                0x24000000        0x4 zephyr/libzephyr.a(printk.c.obj)
 .data.__stdout
                0x24000004       0x10 zephyr/lib/libc/picolibc/liblib__libc__picolibc.a(stdio.c.obj)
 .data.uart_stm32_data_1
                0x24000014        0x4 zephyr/drivers/serial/libdrivers__serial.a(uart_stm32.c.obj)
 .data.uart_cfg_1
                0x24000018        0x8 zephyr/drivers/serial/libdrivers__serial.a(uart_stm32.c.obj)
 .data.uart_stm32_data_0
                0x24000020        0x4 zephyr/drivers/serial/libdrivers__serial.a(uart_stm32.c.obj)
 .data.uart_cfg_0
                0x24000024        0x8 zephyr/drivers/serial/libdrivers__serial.a(uart_stm32.c.obj)
 .data.SystemCoreClock
                0x2400002c        0x4 modules/hal_stm32/stm32cube/lib..__modules__hal__stm32__stm32cube.a(system_stm32h7xx.c.obj)
                0x2400002c                SystemCoreClock
 .data.slice_ticks
                0x24000030        0x4 zephyr/kernel/libkernel.a(timeslicing.c.obj)
 .data.announcing_cpu
                0x24000034        0x4 zephyr/kernel/libkernel.a(timeout.c.obj)
 .data.timeout_list
                0x24000038        0x8 zephyr/kernel/libkernel.a(timeout.c.obj)
 .data.exti_irq_table
                0x24000040       0x20 zephyr/drivers/interrupt_controller/libdrivers__interrupt_controller.a(intc_gpio_stm32.c.obj)
 *(SORT_BY_ALIGNMENT(.kernel.*))
                0x24000060                        __data_end = .
                0x00000060                        __data_size = (__data_end - __data_start)
                0x080046b8                        __data_load_start = LOADADDR (datas)
                0x080046b8                        __data_region_load_start = LOADADDR (datas)

device_states   0x24000060       0x20 load address 0x08004718
                0x24000060                        . = ALIGN (0x4)
                0x24000060                        __device_states_start = .
 *(SORT_BY_ALIGNMENT(.z_devstate))
 .z_devstate    0x24000060       0x16 zephyr/libzephyr.a(gpioport_mgr.c.obj)
 .z_devstate    0x24000076        0x2 zephyr/drivers/interrupt_controller/libdrivers__interrupt_controller.a(intc_exti_stm32.c.obj)
 .z_devstate    0x24000078        0x2 zephyr/drivers/clock_control/libdrivers__clock_control.a(clock_stm32_ll_h7.c.obj)
 .z_devstate    0x2400007a        0x2 zephyr/drivers/reset/libdrivers__reset.a(reset_stm32.c.obj)
 .z_devstate    0x2400007c        0x4 zephyr/drivers/serial/libdrivers__serial.a(uart_stm32.c.obj)
 *(SORT_BY_ALIGNMENT(.z_devstate.*))